// Vitest Snapshot v1, https://vitest.dev/guide/snapshot.html

exports[`SVG render snapshots > d2c-skincare 1`] = `
"### mobile-banner 320×50
<svg xmlns="http://www.w3.org/2000/svg" width="320" height="50" viewBox="0 0 320 50" font-family="system-ui,-apple-system,&quot;Segoe UI&quot;,Roboto,sans-serif">
<rect width="320" height="50" fill="#ffffff"/>
<defs>
<linearGradient id="g0" x1="0%" y1="0%" x2="85.4%" y2="85.4%"><stop offset="0%" stop-color="#1b1b1b"/><stop offset="100%" stop-color="#3d3522"/></linearGradient>
<clipPath id="clip-logo"><rect x="8" y="16.9" width="32" height="16.2"/></clipPath>
<clipPath id="clip-headline"><rect x="58" y="6" width="117.4" height="38"/></clipPath>
</defs>
<rect x="0" y="0" width="320" height="50" fill="url(#g0)"/>
<g clip-path="url(#clip-logo)">
  
  <text fill="#ffffff" font-size="12" font-weight="700" letter-spacing="-0.01em"><tspan x="9" y="28.9">AURELIA</tspan></text>
</g>
<g clip-path="url(#clip-headline)">
  
  <text fill="#ffffff" font-size="17" font-weight="700" letter-spacing="-0.02em"><tspan x="59" y="23">The overnight</tspan><tspan x="59" y="41.36">glow serum</tspan></text>
</g>
<g>
  <rect x="234.44" y="7" width="71.11" height="36" rx="8" fill="#c9a227"/>
  <text x="269.995" y="25" fill="#0b0b0c" font-size="12" font-weight="600" letter-spacing="0.01em" text-anchor="middle" dominant-baseline="central">Shop now</text>
</g>
</svg>

### mpu 300×250
<svg xmlns="http://www.w3.org/2000/svg" width="300" height="250" viewBox="0 0 300 250" font-family="system-ui,-apple-system,&quot;Segoe UI&quot;,Roboto,sans-serif">
<rect width="300" height="250" fill="#ffffff"/>
<defs>
<linearGradient id="g0" x1="0%" y1="0%" x2="85.4%" y2="85.4%"><stop offset="0%" stop-color="#1b1b1b"/><stop offset="100%" stop-color="#3d3522"/></linearGradient>
<clipPath id="cx-img-product"><rect x="164.89" y="17.13" width="117.98" height="215.74"/></clipPath>
<clipPath id="clip-logo"><rect x="12" y="12" width="90.54" height="18"/></clipPath>
<clipPath id="clip-headline"><rect x="10" y="49.18" width="125.76" height="78.98"/></clipPath>
<clipPath id="clip-subhead"><rect x="12" y="147.33" width="121.76" height="34.67"/></clipPath>
</defs>
<rect x="0" y="0" width="300" height="250" fill="url(#g0)"/>
<g clip-path="url(#cx-img-product)"><image x="135.57161676646706" y="17.13" width="176.61676646706587" height="215.74" href="data:…" preserveAspectRatio="none"/></g>
<g clip-path="url(#clip-logo)">
  
  <text fill="#ffffff" font-size="18" font-weight="700" letter-spacing="-0.01em"><tspan x="13" y="30">AURELIA</tspan></text>
</g>
<g clip-path="url(#clip-headline)">
  
  <text fill="#ffffff" font-size="22" font-weight="700" letter-spacing="-0.02em"><tspan x="11" y="71.18">The</tspan><tspan x="11" y="94.94">overnight</tspan><tspan x="11" y="118.7">glow serum</tspan></text>
</g>
<g clip-path="url(#clip-subhead)">
  
  <text fill="#ffffff" font-size="13" font-weight="400" letter-spacing="-0.005em"><tspan x="13" y="160.33">Vitamin C + peptides.</tspan><tspan x="13" y="176.58">Wake up brighter.</tspan></text>
</g>
<g>
  <rect x="11" y="201" width="123.76" height="38" rx="8" fill="#c9a227"/>
  <text x="72.88" y="220" fill="#0b0b0c" font-size="18" font-weight="600" letter-spacing="0.01em" text-anchor="middle" dominant-baseline="central">Shop now</text>
</g>
</svg>

### half-page 300×600
<svg xmlns="http://www.w3.org/2000/svg" width="300" height="600" viewBox="0 0 300 600" font-family="system-ui,-apple-system,&quot;Segoe UI&quot;,Roboto,sans-serif">
<rect width="300" height="600" fill="#ffffff"/>
<defs>
<linearGradient id="g0" x1="0%" y1="0%" x2="85.4%" y2="85.4%"><stop offset="0%" stop-color="#1b1b1b"/><stop offset="100%" stop-color="#3d3522"/></linearGradient>
<clipPath id="clip-logo"><rect x="99.7" y="14" width="100.6" height="20"/></clipPath>
<clipPath id="clip-headline"><rect x="14.55" y="52" width="270.9" height="147.56"/></clipPath>
<clipPath id="clip-subhead"><rect x="20.43" y="217.56" width="259.15" height="67.78"/></clipPath>
<clipPath id="cx-img-product"><rect x="21.95" y="313.28" width="256.11" height="182.78"/></clipPath>
<clipPath id="clip-legal"><rect x="11" y="577" width="260.56" height="12"/></clipPath>
</defs>
<rect x="0" y="0" width="300" height="600" fill="url(#g0)"/>
<g clip-path="url(#clip-logo)">
  
  <text fill="#ffffff" font-size="20" font-weight="700" letter-spacing="-0.01em"><tspan x="100.7" y="34">AURELIA</tspan></text>
</g>
<g clip-path="url(#clip-headline)">
  
  <text fill="#ffffff" font-size="45" font-weight="700" letter-spacing="-0.02em"><tspan x="15.55" y="97">The</tspan><tspan x="15.55" y="145.6">overnight</tspan><tspan x="15.55" y="194.2">glow serum</tspan></text>
</g>
<g clip-path="url(#clip-subhead)">
  
  <text fill="#ffffff" font-size="27" font-weight="400" letter-spacing="-0.005em"><tspan x="21.43" y="244.56">Vitamin C + peptides.</tspan><tspan x="21.43" y="278.31">Wake up brighter.</tspan></text>
</g>
<g clip-path="url(#cx-img-product)"><image x="21.95" y="273.2186301369863" width="256.11" height="312.97945205479454" href="data:…" preserveAspectRatio="none"/></g>
<g>
  <rect x="85.11" y="523" width="129.78" height="38" rx="8" fill="#c9a227"/>
  <text x="150" y="542" fill="#0b0b0c" font-size="18" font-weight="600" letter-spacing="0.01em" text-anchor="middle" dominant-baseline="central">Shop now</text>
</g>
<g clip-path="url(#clip-legal)">
  
  <text fill="#ffffff" font-size="10" font-weight="400" letter-spacing="0em"><tspan x="12" y="587">Results from an 8-week consumer study of 112 participants.</tspan></text>
</g>
</svg>

### feed-square 1080×1080
<svg xmlns="http://www.w3.org/2000/svg" width="1080" height="1080" viewBox="0 0 1080 1080" font-family="system-ui,-apple-system,&quot;Segoe UI&quot;,Roboto,sans-serif">
<rect width="1080" height="1080" fill="#ffffff"/>
<defs>
<linearGradient id="g0" x1="0%" y1="0%" x2="85.4%" y2="85.4%"><stop offset="0%" stop-color="#1b1b1b"/><stop offset="100%" stop-color="#3d3522"/></linearGradient>
<clipPath id="clip-logo"><rect x="484.67" y="182.24" width="110.66" height="22"/></clipPath>
<clipPath id="clip-headline"><rect x="137.12" y="261.64" width="805.76" height="313.75"/></clipPath>
<clipPath id="clip-subhead"><rect x="198.88" y="687.08" width="682.24" height="64"/></clipPath>
</defs>
<rect x="0" y="0" width="1080" height="1080" fill="url(#g0)"/>
<g clip-path="url(#clip-logo)">
  <rect x="483.03" y="182.24" width="102.74" height="22" fill="#000000" opacity="0.6"/>
  <text fill="#ffffff" font-size="22" font-weight="700" letter-spacing="-0.01em"><tspan x="485.67" y="204.24">AURELIA</tspan></text>
</g>
<g clip-path="url(#clip-headline)">
  <rect x="123.12" y="261.64" width="818.25" height="135" fill="#000000" opacity="0.31"/>
  <rect x="123.12" y="396.64" width="707.5" height="135" fill="#000000" opacity="0.31"/>
  <text fill="#ffffff" font-size="125" font-weight="700" letter-spacing="-0.02em"><tspan x="138.12" y="386.64">The overnight</tspan><tspan x="138.12" y="521.64">glow serum</tspan></text>
</g>
<g clip-path="url(#clip-subhead)">
  <rect x="195.08" y="687.08" width="667.84" height="50" fill="#000000" opacity="0.54"/>
  <text fill="#ffffff" font-size="40" font-weight="400" letter-spacing="-0.005em"><tspan x="199.88" y="727.08">Vitamin C + peptides. Wake up brighter.</tspan></text>
</g>
<g>
  <rect x="407.38" y="829.16" width="265.24" height="69.6" rx="8" fill="#c9a227"/>
  <text x="540" y="863.9599999999999" fill="#0b0b0c" font-size="44" font-weight="600" letter-spacing="0.01em" text-anchor="middle" dominant-baseline="central">Shop now</text>
</g>
</svg>

### story 1080×1920
<svg xmlns="http://www.w3.org/2000/svg" width="1080" height="1920" viewBox="0 0 1080 1920" font-family="system-ui,-apple-system,&quot;Segoe UI&quot;,Roboto,sans-serif">
<rect width="1080" height="1920" fill="#ffffff"/>
<defs>
<linearGradient id="g0" x1="0%" y1="0%" x2="85.4%" y2="85.4%"><stop offset="0%" stop-color="#1b1b1b"/><stop offset="100%" stop-color="#3d3522"/></linearGradient>
<clipPath id="clip-logo"><rect x="439.4" y="100" width="201.2" height="40.11"/></clipPath>
<clipPath id="clip-headline"><rect x="84.2" y="234.24" width="911.59" height="331.32"/></clipPath>
<clipPath id="clip-subhead"><rect x="198.88" y="745.58" width="682.24" height="64"/></clipPath>
<clipPath id="cx-img-product"><rect x="78.27" y="941.74" width="923.45" height="604.32"/></clipPath>
<clipPath id="clip-legal"><rect x="49" y="1676.95" width="469.01" height="22.05"/></clipPath>
</defs>
<rect x="0" y="0" width="1080" height="1920" fill="url(#g0)"/>
<g clip-path="url(#clip-logo)">
  
  <text fill="#ffffff" font-size="40" font-weight="700" letter-spacing="-0.01em"><tspan x="440.4" y="140">AURELIA</tspan></text>
</g>
<g clip-path="url(#clip-headline)">
  
  <text fill="#ffffff" font-size="132" font-weight="700" letter-spacing="-0.02em"><tspan x="85.2" y="366.24">The overnight</tspan><tspan x="85.2" y="508.8">glow serum</tspan></text>
</g>
<g clip-path="url(#clip-subhead)">
  
  <text fill="#ffffff" font-size="40" font-weight="400" letter-spacing="-0.005em"><tspan x="199.88" y="785.58">Vitamin C + peptides. Wake up brighter.</tspan></text>
</g>
<g clip-path="url(#cx-img-product)"><image x="78.27" y="770.0453457943925" width="923.45" height="1129.570093457944" href="data:…" preserveAspectRatio="none"/></g>
<g>
  <rect x="407.38" y="1591.35" width="265.24" height="69.6" rx="8" fill="#c9a227"/>
  <text x="540" y="1626.1499999999999" fill="#0b0b0c" font-size="44" font-weight="600" letter-spacing="0.01em" text-anchor="middle" dominant-baseline="central">Shop now</text>
</g>
<g clip-path="url(#clip-legal)">
  
  <text fill="#ffffff" font-size="18" font-weight="400" letter-spacing="0em"><tspan x="50" y="1694.95">Results from an 8-week consumer study of 112 participants.</tspan></text>
</g>
</svg>

### ctv-1080 1920×1080
<svg xmlns="http://www.w3.org/2000/svg" width="1920" height="1080" viewBox="0 0 1920 1080" font-family="system-ui,-apple-system,&quot;Segoe UI&quot;,Roboto,sans-serif">
<rect width="1920" height="1080" fill="#ffffff"/>
<defs>
<linearGradient id="g0" x1="0%" y1="0%" x2="85.4%" y2="85.4%"><stop offset="0%" stop-color="#1b1b1b"/><stop offset="100%" stop-color="#3d3522"/></linearGradient>
<clipPath id="clip-headline"><rect x="128.66" y="347.3" width="1662.67" height="188.76"/></clipPath>
<clipPath id="clip-subhead"><rect x="618.88" y="567.24" width="682.24" height="64"/></clipPath>
<clipPath id="clip-logo"><rect x="110" y="101" width="201.2" height="54"/></clipPath>
</defs>
<rect x="0" y="0" width="1920" height="1080" fill="url(#g0)"/>
<g clip-path="url(#clip-headline)">
  <rect x="113.82" y="347.3" width="1615.15" height="142.56" fill="#000000" opacity="0.3"/>
  <text fill="#ffffff" font-size="132" font-weight="700" letter-spacing="-0.02em"><tspan x="129.66" y="479.3">The overnight glow serum</tspan></text>
</g>
<g clip-path="url(#clip-subhead)">
  <rect x="615.08" y="567.24" width="667.84" height="50" fill="#000000" opacity="0.56"/>
  <text fill="#ffffff" font-size="40" font-weight="400" letter-spacing="-0.005em"><tspan x="619.88" y="607.24">Vitamin C + peptides. Wake up brighter.</tspan></text>
</g>
<g>
  <rect x="827.38" y="662.76" width="265.24" height="69.6" rx="8" fill="#c9a227"/>
  <text x="960" y="697.56" fill="#0b0b0c" font-size="44" font-weight="600" letter-spacing="0.01em" text-anchor="middle" dominant-baseline="central">Shop now</text>
</g>
<g clip-path="url(#clip-logo)">
  <rect x="106.2" y="101" width="186.8" height="40" fill="#ffffff" opacity="0.18"/>
  <text fill="#0b0b0c" font-size="40" font-weight="700" letter-spacing="-0.01em"><tspan x="111" y="141">AURELIA</tspan></text>
</g>
</svg>

### dooh-ultrawide 3840×1080
<svg xmlns="http://www.w3.org/2000/svg" width="3840" height="1080" viewBox="0 0 3840 1080" font-family="system-ui,-apple-system,&quot;Segoe UI&quot;,Roboto,sans-serif">
<rect width="3840" height="1080" fill="#ffffff"/>
<defs>
<linearGradient id="g0" x1="0%" y1="0%" x2="85.4%" y2="85.4%"><stop offset="0%" stop-color="#1b1b1b"/><stop offset="100%" stop-color="#3d3522"/></linearGradient>
<clipPath id="clip-logo"><rect x="84" y="85.73" width="152" height="44.55"/></clipPath>
<clipPath id="clip-headline"><rect x="96" y="536.42" width="1662.67" height="188.76"/></clipPath>
</defs>
<rect x="0" y="0" width="3840" height="1080" fill="url(#g0)"/>
<g clip-path="url(#clip-logo)">
  
  <text fill="#ffffff" font-size="33" font-weight="700" letter-spacing="-0.01em"><tspan x="85" y="118.73">AURELIA</tspan></text>
</g>
<g clip-path="url(#clip-headline)">
  <rect x="81.16" y="536.42" width="1615.15" height="142.56" fill="#000000" opacity="0.27"/>
  <text fill="#ffffff" font-size="132" font-weight="700" letter-spacing="-0.02em"><tspan x="97" y="668.42">The overnight glow serum</tspan></text>
</g>
<g>
  <rect x="83" y="939" width="233.98" height="58" rx="8" fill="#c9a227"/>
  <text x="199.99" y="968" fill="#0b0b0c" font-size="38" font-weight="600" letter-spacing="0.01em" text-anchor="middle" dominant-baseline="central">Shop now</text>
</g>
</svg>"
`;

exports[`SVG render snapshots > event-promo 1`] = `
"### mobile-banner 320×50
<svg xmlns="http://www.w3.org/2000/svg" width="320" height="50" viewBox="0 0 320 50" font-family="system-ui,-apple-system,&quot;Segoe UI&quot;,Roboto,sans-serif">
<rect width="320" height="50" fill="#ffffff"/>
<defs>
<clipPath id="clip-headline"><rect x="18" y="6" width="92.54" height="38"/></clipPath>
</defs>
<g clip-path="url(#clip-headline)">
  
  <text fill="#0b0b0c" font-size="14" font-weight="700" letter-spacing="-0.02em"><tspan x="19" y="20">SHIFT 2026:</tspan><tspan x="19" y="35.12">the interface</tspan><tspan x="19" y="50.24">conference</tspan></text>
</g>
<g>
  <rect x="229.09" y="7" width="81.82" height="36" rx="8" fill="#e63946"/>
  <text x="270" y="25" fill="#0b0b0c" font-size="12" font-weight="600" letter-spacing="0.01em" text-anchor="middle" dominant-baseline="central">Get tickets</text>
</g>
</svg>

### mpu 300×250
<svg xmlns="http://www.w3.org/2000/svg" width="300" height="250" viewBox="0 0 300 250" font-family="system-ui,-apple-system,&quot;Segoe UI&quot;,Roboto,sans-serif">
<rect width="300" height="250" fill="#ffffff"/>
<defs>
<clipPath id="cx-bg-bg"><rect x="0" y="0" width="300" height="250"/></clipPath>
<clipPath id="clip-badge"><rect x="58.22" y="12" width="183.57" height="14"/></clipPath>
<clipPath id="clip-headline"><rect x="64.07" y="44" width="171.86" height="84"/></clipPath>
<clipPath id="clip-subhead"><rect x="12" y="152.8" width="276" height="22.4"/></clipPath>
</defs>
<g clip-path="url(#cx-bg-bg)"><image x="-16.666666666666668" y="0" width="333.3333333333333" height="250" href="data:…" preserveAspectRatio="none"/></g>
<g clip-path="url(#clip-badge)">
  
  <text fill="#0b0b0c" font-size="14" font-weight="700" letter-spacing="0.04em" style="text-transform:uppercase"><tspan x="59.22" y="26">MARCH 12–14 · BERLIN</tspan></text>
</g>
<g clip-path="url(#clip-headline)">
  
  <text fill="#0b0b0c" font-size="26" font-weight="700" letter-spacing="-0.02em"><tspan x="65.07" y="70">SHIFT 2026:</tspan><tspan x="65.07" y="98.08">the interface</tspan><tspan x="65.07" y="126.16">conference</tspan></text>
</g>
<g clip-path="url(#clip-subhead)">
  
  <text fill="#0b0b0c" font-size="14" font-weight="400" letter-spacing="-0.005em"><tspan x="13" y="166.8">Three days on the craft of building for humans.</tspan></text>
</g>
<g>
  <rect x="80.79" y="201" width="138.42" height="38" rx="8" fill="#e63946"/>
  <text x="150" y="220" fill="#0b0b0c" font-size="18" font-weight="600" letter-spacing="0.01em" text-anchor="middle" dominant-baseline="central">Get tickets</text>
</g>
</svg>

### half-page 300×600
<svg xmlns="http://www.w3.org/2000/svg" width="300" height="600" viewBox="0 0 300 600" font-family="system-ui,-apple-system,&quot;Segoe UI&quot;,Roboto,sans-serif">
<rect width="300" height="600" fill="#ffffff"/>
<defs>
<clipPath id="cx-bg-bg"><rect x="0" y="0" width="300" height="600"/></clipPath>
<clipPath id="clip-badge"><rect x="58.22" y="14" width="183.57" height="14"/></clipPath>
<clipPath id="clip-headline"><rect x="12" y="122.56" width="276" height="161.55"/></clipPath>
<clipPath id="clip-subhead"><rect x="20.14" y="390.79" width="259.72" height="127.1"/></clipPath>
</defs>
<g clip-path="url(#cx-bg-bg)"><image x="-250.4" y="0" width="800" height="600" href="data:…" preserveAspectRatio="none"/></g>
<g clip-path="url(#clip-badge)">
  
  <text fill="#0b0b0c" font-size="14" font-weight="700" letter-spacing="0.04em" style="text-transform:uppercase"><tspan x="59.22" y="28">MARCH 12–14 · BERLIN</tspan></text>
</g>
<g clip-path="url(#clip-headline)">
  
  <text fill="#0b0b0c" font-size="45" font-weight="700" letter-spacing="-0.02em"><tspan x="13" y="167.56">SHIFT 2026:</tspan><tspan x="13" y="216.16">the interface</tspan><tspan x="13" y="264.76">conference</tspan></text>
</g>
<g clip-path="url(#clip-subhead)">
  
  <text fill="#0b0b0c" font-size="31" font-weight="400" letter-spacing="-0.005em"><tspan x="21.14" y="421.79">Three days on the</tspan><tspan x="21.14" y="460.54">craft of building for</tspan><tspan x="21.14" y="499.29">humans.</tspan></text>
</g>
<g>
  <rect x="80.79" y="549" width="138.42" height="38" rx="8" fill="#e63946"/>
  <text x="150" y="568" fill="#0b0b0c" font-size="18" font-weight="600" letter-spacing="0.01em" text-anchor="middle" dominant-baseline="central">Get tickets</text>
</g>
</svg>

### feed-square 1080×1080
<svg xmlns="http://www.w3.org/2000/svg" width="1080" height="1080" viewBox="0 0 1080 1080" font-family="system-ui,-apple-system,&quot;Segoe UI&quot;,Roboto,sans-serif">
<rect width="1080" height="1080" fill="#ffffff"/>
<defs>
<clipPath id="cx-bg-bg"><rect x="0" y="0" width="1080" height="1080"/></clipPath>
<clipPath id="clip-badge"><rect x="395.77" y="68.05" width="288.46" height="29.7"/></clipPath>
<clipPath id="clip-headline"><rect x="103.74" y="144.4" width="872.52" height="473.88"/></clipPath>
<clipPath id="clip-subhead"><rect x="142.8" y="762.64" width="794.4" height="64"/></clipPath>
</defs>
<g clip-path="url(#cx-bg-bg)"><image x="-180" y="0" width="1440" height="1080" href="data:…" preserveAspectRatio="none"/></g>
<g clip-path="url(#clip-badge)">
  
  <text fill="#0b0b0c" font-size="22" font-weight="700" letter-spacing="0.04em" style="text-transform:uppercase"><tspan x="396.77" y="90.05">MARCH 12–14 · BERLIN</tspan></text>
</g>
<g clip-path="url(#clip-headline)">
  
  <text fill="#0b0b0c" font-size="132" font-weight="700" letter-spacing="-0.02em"><tspan x="104.74" y="276.4">SHIFT 2026:</tspan><tspan x="104.74" y="418.96">the interface</tspan><tspan x="104.74" y="561.52">conference</tspan></text>
</g>
<g clip-path="url(#clip-subhead)">
  
  <text fill="#0b0b0c" font-size="40" font-weight="400" letter-spacing="-0.005em"><tspan x="143.8" y="802.64">Three days on the craft of building for humans.</tspan></text>
</g>
<g>
  <rect x="396.82" y="943.4" width="286.36" height="69.6" rx="8" fill="#e63946"/>
  <text x="540" y="978.1999999999999" fill="#0b0b0c" font-size="44" font-weight="600" letter-spacing="0.01em" text-anchor="middle" dominant-baseline="central">Get tickets</text>
</g>
</svg>

### story 1080×1920
<svg xmlns="http://www.w3.org/2000/svg" width="1080" height="1920" viewBox="0 0 1080 1920" font-family="system-ui,-apple-system,&quot;Segoe UI&quot;,Roboto,sans-serif">
<rect width="1080" height="1920" fill="#ffffff"/>
<defs>
<clipPath id="cx-bg-bg"><rect x="0" y="0" width="1080" height="1920"/></clipPath>
<clipPath id="clip-badge"><rect x="395.77" y="100.05" width="288.46" height="29.7"/></clipPath>
<clipPath id="clip-headline"><rect x="103.74" y="393.73" width="872.52" height="473.88"/></clipPath>
<clipPath id="clip-subhead"><rect x="142.8" y="1337.97" width="794.4" height="64"/></clipPath>
</defs>
<g clip-path="url(#cx-bg-bg)"><image x="-739.6208530805687" y="0" width="2559.2417061611377" height="1920" href="data:…" preserveAspectRatio="none"/></g>
<g clip-path="url(#clip-badge)">
  
  <text fill="#0b0b0c" font-size="22" font-weight="700" letter-spacing="0.04em" style="text-transform:uppercase"><tspan x="396.77" y="122.05">MARCH 12–14 · BERLIN</tspan></text>
</g>
<g clip-path="url(#clip-headline)">
  
  <text fill="#0b0b0c" font-size="132" font-weight="700" letter-spacing="-0.02em"><tspan x="104.74" y="525.73">SHIFT 2026:</tspan><tspan x="104.74" y="668.29">the interface</tspan><tspan x="104.74" y="810.85">conference</tspan></text>
</g>
<g clip-path="url(#clip-subhead)">
  
  <text fill="#0b0b0c" font-size="40" font-weight="400" letter-spacing="-0.005em"><tspan x="143.8" y="1377.97">Three days on the craft of building for humans.</tspan></text>
</g>
<g>
  <rect x="396.82" y="1627.4" width="286.36" height="69.6" rx="8" fill="#e63946"/>
  <text x="540" y="1662.2" fill="#0b0b0c" font-size="44" font-weight="600" letter-spacing="0.01em" text-anchor="middle" dominant-baseline="central">Get tickets</text>
</g>
</svg>

### ctv-1080 1920×1080
<svg xmlns="http://www.w3.org/2000/svg" width="1920" height="1080" viewBox="0 0 1920 1080" font-family="system-ui,-apple-system,&quot;Segoe UI&quot;,Roboto,sans-serif">
<rect width="1920" height="1080" fill="#ffffff"/>
<defs>
<clipPath id="cx-bg-bg"><rect x="0" y="0" width="1920" height="1080"/></clipPath>
<clipPath id="clip-headline"><rect x="950.15" y="121.86" width="871.85" height="473.88"/></clipPath>
<clipPath id="clip-subhead"><rect x="952.15" y="733" width="794.4" height="64"/></clipPath>
</defs>
<g clip-path="url(#cx-bg-bg)"><image x="0" y="0" width="1920" height="1440" href="data:…" preserveAspectRatio="none"/></g>
<g clip-path="url(#clip-headline)">
  
  <text fill="#0b0b0c" font-size="132" font-weight="700" letter-spacing="-0.02em"><tspan x="951.15" y="253.86">SHIFT 2026:</tspan><tspan x="951.15" y="396.42">the interface</tspan><tspan x="951.15" y="538.98">conference</tspan></text>
</g>
<g clip-path="url(#clip-subhead)">
  
  <text fill="#0b0b0c" font-size="40" font-weight="400" letter-spacing="-0.005em"><tspan x="953.15" y="773">Three days on the craft of building for humans.</tspan></text>
</g>
<g>
  <rect x="951.15" y="911.4" width="286.36" height="69.6" rx="8" fill="#e63946"/>
  <text x="1094.33" y="946.1999999999999" fill="#0b0b0c" font-size="44" font-weight="600" letter-spacing="0.01em" text-anchor="middle" dominant-baseline="central">Get tickets</text>
</g>
</svg>

### dooh-ultrawide 3840×1080
<svg xmlns="http://www.w3.org/2000/svg" width="3840" height="1080" viewBox="0 0 3840 1080" font-family="system-ui,-apple-system,&quot;Segoe UI&quot;,Roboto,sans-serif">
<rect width="3840" height="1080" fill="#ffffff"/>
<defs>
<clipPath id="clip-headline"><rect x="96" y="536.42" width="2365.44" height="188.76"/></clipPath>
</defs>
<g clip-path="url(#clip-headline)">
  
  <text fill="#0b0b0c" font-size="132" font-weight="700" letter-spacing="-0.02em"><tspan x="97" y="668.42">SHIFT 2026: the interface conference</tspan></text>
</g>
<g>
  <rect x="83" y="939" width="252.22" height="58" rx="8" fill="#e63946"/>
  <text x="209.11" y="968" fill="#0b0b0c" font-size="38" font-weight="600" letter-spacing="0.01em" text-anchor="middle" dominant-baseline="central">Get tickets</text>
</g>
</svg>"
`;

exports[`SVG render snapshots > fintech-card 1`] = `
"### mobile-banner 320×50
<svg xmlns="http://www.w3.org/2000/svg" width="320" height="50" viewBox="0 0 320 50" font-family="system-ui,-apple-system,&quot;Segoe UI&quot;,Roboto,sans-serif">
<rect width="320" height="50" fill="#ffffff"/>
<defs>
<clipPath id="clip-logo"><rect x="8" y="16.9" width="32" height="16.2"/></clipPath>
<clipPath id="clip-headline"><rect x="58" y="6" width="138.54" height="38"/></clipPath>
<clipPath id="clip-legal"><rect x="16.48" y="4" width="285.16" height="13"/></clipPath>
</defs>
<g clip-path="url(#clip-logo)">
  
  <text fill="#0b0b0c" font-size="12" font-weight="700" letter-spacing="-0.01em"><tspan x="9" y="28.9">Ledgerline</tspan></text>
</g>
<g clip-path="url(#clip-headline)">
  
  <text fill="#0b0b0c" font-size="14" font-weight="700" letter-spacing="-0.02em"><tspan x="59" y="20">2% back on</tspan><tspan x="59" y="35.12">everything. No</tspan><tspan x="59" y="50.24">categories, no caps.</tspan></text>
</g>
<g>
  <rect x="228.56" y="7" width="82.87" height="36" rx="8" fill="#5bc0be"/>
  <text x="269.995" y="25" fill="#0b0b0c" font-size="12" font-weight="600" letter-spacing="0.01em" text-anchor="middle" dominant-baseline="central">Get the card</text>
</g>
<g clip-path="url(#clip-legal)">
  
  <text fill="#0b0b0c" font-size="11" font-weight="400" letter-spacing="0em"><tspan x="17.48" y="15">Representative APR 24.9% variable. Credit subject to status.</tspan></text>
</g>
</svg>

### mpu 300×250
<svg xmlns="http://www.w3.org/2000/svg" width="300" height="250" viewBox="0 0 300 250" font-family="system-ui,-apple-system,&quot;Segoe UI&quot;,Roboto,sans-serif">
<rect width="300" height="250" fill="#ffffff"/>
<defs>
<clipPath id="cx-bg-bg"><rect x="0" y="0" width="300" height="250"/></clipPath>
<clipPath id="clip-logo"><rect x="23.04" y="143.04" width="101.2" height="18"/></clipPath>
<clipPath id="clip-headline"><rect x="19.36" y="11.13" width="261.28" height="57.73"/></clipPath>
<clipPath id="clip-legal"><rect x="19.36" y="189.04" width="259.24" height="13"/></clipPath>
</defs>
<g clip-path="url(#cx-bg-bg)"><image x="-33.333333333333336" y="0" width="333.3333333333333" height="250" href="data:…" preserveAspectRatio="none"/></g>
<g clip-path="url(#clip-logo)">
  <rect x="21.88" y="143.04" width="94.72" height="18" fill="#000000" opacity="0.53"/>
  <text fill="#ffffff" font-size="18" font-weight="700" letter-spacing="-0.01em"><tspan x="24.04" y="161.04">Ledgerline</tspan></text>
</g>
<g>
  <rect x="11" y="204.04" width="147.64" height="38" rx="8" fill="#5bc0be"/>
  <text x="84.82" y="223.04" fill="#0b0b0c" font-size="18" font-weight="600" letter-spacing="0.01em" text-anchor="middle" dominant-baseline="central">Get the card</text>
</g>
<g clip-path="url(#clip-headline)">
  <rect x="17.6" y="11.13" width="244.44" height="24.84" fill="#000000" opacity="0.32"/>
  <rect x="17.6" y="35.97" width="253.87" height="24.84" fill="#000000" opacity="0.32"/>
  <text fill="#ffffff" font-size="23" font-weight="700" letter-spacing="-0.02em"><tspan x="20.36" y="34.13">2% back on everything.</tspan><tspan x="20.36" y="58.97">No categories, no caps.</tspan></text>
</g>
<g clip-path="url(#clip-legal)">
  <rect x="19.16" y="189.04" width="255.64" height="12" fill="#000000" opacity="0.5"/>
  <text fill="#ffffff" font-size="10" font-weight="400" letter-spacing="0em"><tspan x="20.36" y="199.04">Representative APR 24.9% variable. Credit subject to status.</tspan></text>
</g>
</svg>

### half-page 300×600
<svg xmlns="http://www.w3.org/2000/svg" width="300" height="600" viewBox="0 0 300 600" font-family="system-ui,-apple-system,&quot;Segoe UI&quot;,Roboto,sans-serif">
<rect width="300" height="600" fill="#ffffff"/>
<defs>
<clipPath id="cx-bg-bg"><rect x="0" y="0" width="300" height="600"/></clipPath>
<clipPath id="clip-logo"><rect x="24.88" y="338.8" width="101.2" height="18"/></clipPath>
<clipPath id="clip-headline"><rect x="23.04" y="375.87" width="253.92" height="93.34"/></clipPath>
<clipPath id="clip-subhead"><rect x="24.88" y="494.73" width="250.24" height="28.8"/></clipPath>
<clipPath id="clip-legal"><rect x="21.2" y="534" width="233.32" height="13"/></clipPath>
</defs>
<g clip-path="url(#cx-bg-bg)"><image x="-346.4" y="0" width="800" height="600" href="data:…" preserveAspectRatio="none"/></g>
<g clip-path="url(#clip-logo)">
  <rect x="23.72" y="338.8" width="94.72" height="18" fill="#000000" opacity="0.53"/>
  <text fill="#ffffff" font-size="18" font-weight="700" letter-spacing="-0.01em"><tspan x="25.88" y="356.8">Ledgerline</tspan></text>
</g>
<g clip-path="url(#clip-headline)">
  <rect x="20.92" y="375.87" width="135.82" height="28.08" fill="#000000" opacity="0.2"/>
  <rect x="20.92" y="403.95" width="178.78" height="28.08" fill="#000000" opacity="0.2"/>
  <rect x="20.92" y="432.03" width="247.94" height="28.08" fill="#000000" opacity="0.2"/>
  <text fill="#ffffff" font-size="26" font-weight="700" letter-spacing="-0.02em"><tspan x="24.04" y="401.87">2% back on</tspan><tspan x="24.04" y="429.95">everything. No</tspan><tspan x="24.04" y="458.03">categories, no caps.</tspan></text>
</g>
<g clip-path="url(#clip-subhead)">
  <rect x="23.72" y="494.73" width="249.5" height="22.5" fill="#000000" opacity="0.49"/>
  <text fill="#ffffff" font-size="18" font-weight="400" letter-spacing="-0.005em"><tspan x="25.88" y="512.73">Open an account in five minutes.</tspan></text>
</g>
<g>
  <rect x="13" y="549" width="147.64" height="38" rx="8" fill="#5bc0be"/>
  <text x="86.82" y="568" fill="#0b0b0c" font-size="18" font-weight="600" letter-spacing="0.01em" text-anchor="middle" dominant-baseline="central">Get the card</text>
</g>
<g clip-path="url(#clip-legal)">
  <rect x="21.12" y="534" width="230.08" height="10.8" fill="#000000" opacity="0.48"/>
  <text fill="#ffffff" font-size="9" font-weight="400" letter-spacing="0em"><tspan x="22.2" y="543">Representative APR 24.9% variable. Credit subject to status.</tspan></text>
</g>
</svg>

### feed-square 1080×1080
<svg xmlns="http://www.w3.org/2000/svg" width="1080" height="1080" viewBox="0 0 1080 1080" font-family="system-ui,-apple-system,&quot;Segoe UI&quot;,Roboto,sans-serif">
<rect width="1080" height="1080" fill="#ffffff"/>
<defs>
<clipPath id="cx-bg-bg"><rect x="0" y="0" width="1080" height="1080"/></clipPath>
<clipPath id="clip-logo"><rect x="82" y="601.12" width="101.2" height="18"/></clipPath>
<clipPath id="clip-headline"><rect x="80" y="637.12" width="920" height="183.52"/></clipPath>
<clipPath id="clip-subhead"><rect x="82" y="849.52" width="568.84" height="64"/></clipPath>
<clipPath id="clip-legal"><rect x="78" y="1065" width="285.16" height="13"/></clipPath>
</defs>
<g clip-path="url(#cx-bg-bg)"><image x="-352.8" y="0" width="1440" height="1080" href="data:…" preserveAspectRatio="none"/></g>
<g clip-path="url(#clip-logo)">
  <rect x="80.84" y="601.12" width="94.72" height="18" fill="#000000" opacity="0.53"/>
  <text fill="#ffffff" font-size="18" font-weight="700" letter-spacing="-0.01em"><tspan x="83" y="619.12">Ledgerline</tspan></text>
</g>
<g clip-path="url(#clip-headline)">
  <rect x="71.04" y="637.12" width="882.12" height="89.64" fill="#000000" opacity="0.21"/>
  <rect x="71.04" y="726.76" width="916.15" height="89.64" fill="#000000" opacity="0.21"/>
  <text fill="#ffffff" font-size="83" font-weight="700" letter-spacing="-0.02em"><tspan x="81" y="720.12">2% back on everything.</tspan><tspan x="81" y="809.76">No categories, no caps.</tspan></text>
</g>
<g clip-path="url(#clip-subhead)">
  <rect x="78.2" y="849.52" width="554.44" height="50" fill="#000000" opacity="0.49"/>
  <text fill="#ffffff" font-size="40" font-weight="400" letter-spacing="-0.005em"><tspan x="83" y="889.52">Open an account in five minutes.</tspan></text>
</g>
<g>
  <rect x="67" y="943.4" width="308.89" height="69.6" rx="8" fill="#5bc0be"/>
  <text x="221.445" y="978.1999999999999" fill="#0b0b0c" font-size="44" font-weight="600" letter-spacing="0.01em" text-anchor="middle" dominant-baseline="central">Get the card</text>
</g>
<g clip-path="url(#clip-legal)">
  <rect x="77.68" y="1065" width="281.2" height="13.2" fill="#000000" opacity="0.46"/>
  <text fill="#ffffff" font-size="11" font-weight="400" letter-spacing="0em"><tspan x="79" y="1076">Representative APR 24.9% variable. Credit subject to status.</tspan></text>
</g>
</svg>

### story 1080×1920
<svg xmlns="http://www.w3.org/2000/svg" width="1080" height="1920" viewBox="0 0 1080 1920" font-family="system-ui,-apple-system,&quot;Segoe UI&quot;,Roboto,sans-serif">
<rect width="1080" height="1920" fill="#ffffff"/>
<defs>
<clipPath id="cx-bg-bg"><rect x="0" y="0" width="1080" height="1920"/></clipPath>
<clipPath id="clip-logo"><rect x="427.56" y="100" width="224.88" height="40.11"/></clipPath>
<clipPath id="clip-headline"><rect x="50" y="215.01" width="980" height="369.77"/></clipPath>
<clipPath id="clip-subhead"><rect x="255.58" y="745.58" width="568.84" height="64"/></clipPath>
<clipPath id="cx-img-product"><rect x="78.27" y="941.74" width="923.45" height="604.32"/></clipPath>
<clipPath id="clip-legal"><rect x="49" y="1676.95" width="466.63" height="22.05"/></clipPath>
</defs>
<g clip-path="url(#cx-bg-bg)"><image x="-1046.7298578199052" y="0" width="2559.2417061611377" height="1920" href="data:…" preserveAspectRatio="none"/></g>
<g clip-path="url(#clip-logo)">
  
  <text fill="#ffffff" font-size="40" font-weight="700" letter-spacing="-0.01em"><tspan x="428.56" y="140">Ledgerline</tspan></text>
</g>
<g clip-path="url(#clip-headline)">
  
  <text fill="#ffffff" font-size="103" font-weight="700" letter-spacing="-0.02em"><tspan x="51" y="318.01">2% back on</tspan><tspan x="51" y="429.25">everything. No</tspan><tspan x="51" y="540.49">categories, no caps.</tspan></text>
</g>
<g clip-path="url(#clip-subhead)">
  
  <text fill="#ffffff" font-size="40" font-weight="400" letter-spacing="-0.005em"><tspan x="256.58" y="785.58">Open an account in five minutes.</tspan></text>
</g>
<g clip-path="url(#cx-img-product)"><image x="78.27" y="770.0453457943925" width="923.45" height="1129.570093457944" href="data:…" preserveAspectRatio="none"/></g>
<g>
  <rect x="385.56" y="1591.35" width="308.89" height="69.6" rx="8" fill="#5bc0be"/>
  <text x="540.005" y="1626.1499999999999" fill="#0b0b0c" font-size="44" font-weight="600" letter-spacing="0.01em" text-anchor="middle" dominant-baseline="central">Get the card</text>
</g>
<g clip-path="url(#clip-legal)">
  
  <text fill="#ffffff" font-size="18" font-weight="400" letter-spacing="0em"><tspan x="50" y="1694.95">Representative APR 24.9% variable. Credit subject to status.</tspan></text>
</g>
</svg>

### ctv-1080 1920×1080
<svg xmlns="http://www.w3.org/2000/svg" width="1920" height="1080" viewBox="0 0 1920 1080" font-family="system-ui,-apple-system,&quot;Segoe UI&quot;,Roboto,sans-serif">
<rect width="1920" height="1080" fill="#ffffff"/>
<defs>
<clipPath id="cx-bg-bg"><rect x="0" y="0" width="1920" height="1080"/></clipPath>
<clipPath id="cx-img-product"><rect x="133.05" y="133.05" width="760.06" height="813.91"/></clipPath>
<clipPath id="clip-logo"><rect x="952.15" y="100" width="101.2" height="18"/></clipPath>
<clipPath id="clip-headline"><rect x="950.15" y="220.79" width="871.85" height="326.69"/></clipPath>
<clipPath id="clip-subhead"><rect x="952.15" y="739.34" width="568.84" height="64"/></clipPath>
<clipPath id="clip-legal"><rect x="110" y="1065" width="285.16" height="13"/></clipPath>
</defs>
<g clip-path="url(#cx-bg-bg)"><image x="0" y="-36" width="1920" height="1440" href="data:…" preserveAspectRatio="none"/></g>
<g clip-path="url(#cx-img-product)"><image x="133.05" y="133.05" width="760.06" height="929.12100456621" href="data:…" preserveAspectRatio="none"/></g>
<g clip-path="url(#clip-logo)">
  
  <text fill="#ffffff" font-size="18" font-weight="700" letter-spacing="-0.01em"><tspan x="953.15" y="118">Ledgerline</tspan></text>
</g>
<g clip-path="url(#clip-headline)">
  
  <text fill="#ffffff" font-size="91" font-weight="700" letter-spacing="-0.02em"><tspan x="951.15" y="311.79">2% back on</tspan><tspan x="951.15" y="410.07">everything. No</tspan><tspan x="951.15" y="508.35">categories, no caps.</tspan></text>
</g>
<g clip-path="url(#clip-subhead)">
  
  <text fill="#ffffff" font-size="40" font-weight="400" letter-spacing="-0.005em"><tspan x="953.15" y="779.34">Open an account in five minutes.</tspan></text>
</g>
<g>
  <rect x="951.15" y="911.4" width="308.89" height="69.6" rx="8" fill="#5bc0be"/>
  <text x="1105.595" y="946.1999999999999" fill="#0b0b0c" font-size="44" font-weight="600" letter-spacing="0.01em" text-anchor="middle" dominant-baseline="central">Get the card</text>
</g>
<g clip-path="url(#clip-legal)">
  <rect x="109.68" y="1065" width="281.2" height="13.2" fill="#000000" opacity="0.46"/>
  <text fill="#ffffff" font-size="11" font-weight="400" letter-spacing="0em"><tspan x="111" y="1076">Representative APR 24.9% variable. Credit subject to status.</tspan></text>
</g>
</svg>

### dooh-ultrawide 3840×1080
<svg xmlns="http://www.w3.org/2000/svg" width="3840" height="1080" viewBox="0 0 3840 1080" font-family="system-ui,-apple-system,&quot;Segoe UI&quot;,Roboto,sans-serif">
<rect width="3840" height="1080" fill="#ffffff"/>
<defs>
<clipPath id="clip-logo"><rect x="84" y="513.83" width="112" height="28.35"/></clipPath>
<clipPath id="clip-headline"><rect x="214" y="433.62" width="2911.39" height="188.76"/></clipPath>
<clipPath id="clip-legal"><rect x="81" y="981" width="388.86" height="18"/></clipPath>
</defs>
<g clip-path="url(#clip-logo)">
  
  <text fill="#0b0b0c" font-size="21" font-weight="700" letter-spacing="-0.01em"><tspan x="85" y="534.83">Ledgerline</tspan></text>
</g>
<g clip-path="url(#clip-headline)">
  
  <text fill="#0b0b0c" font-size="132" font-weight="700" letter-spacing="-0.02em"><tspan x="215" y="565.62">2% back on everything. No categories, no caps.</tspan></text>
</g>
<g>
  <rect x="3543" y="497.08" width="214" height="61.85" rx="8" fill="#5bc0be"/>
  <text x="3650" y="528.005" fill="#0b0b0c" font-size="31" font-weight="600" letter-spacing="0.01em" text-anchor="middle" dominant-baseline="central">Get the card</text>
</g>
<g clip-path="url(#clip-legal)">
  
  <text fill="#0b0b0c" font-size="15" font-weight="400" letter-spacing="0em"><tspan x="82" y="996">Representative APR 24.9% variable. Credit subject to status.</tspan></text>
</g>
</svg>"
`;

exports[`SVG render snapshots > mobile-game 1`] = `
"### mobile-banner 320×50
<svg xmlns="http://www.w3.org/2000/svg" width="320" height="50" viewBox="0 0 320 50" font-family="system-ui,-apple-system,&quot;Segoe UI&quot;,Roboto,sans-serif">
<rect width="320" height="50" fill="#ffffff"/>
<defs>
<linearGradient id="g0" x1="0%" y1="0%" x2="85.4%" y2="85.4%"><stop offset="0%" stop-color="#240046"/><stop offset="100%" stop-color="#7209b7"/></linearGradient>
<clipPath id="clip-logo"><rect x="8" y="10.9" width="32" height="28.2"/></clipPath>
<clipPath id="clip-headline"><rect x="58" y="6" width="93.84" height="38"/></clipPath>
</defs>
<rect x="0" y="0" width="320" height="50" fill="url(#g0)"/>
<g clip-path="url(#clip-logo)">
  
  <text fill="#0b0b0c" font-size="12" font-weight="700" letter-spacing="-0.01em"><tspan x="9" y="22.9">Rift</tspan><tspan x="9" y="34.9">Racers</tspan></text>
</g>
<g clip-path="url(#clip-headline)">
  
  <text fill="#0b0b0c" font-size="17" font-weight="700" letter-spacing="-0.02em"><tspan x="59" y="23">Drift the</tspan><tspan x="59" y="41.36">multiverse</tspan></text>
</g>
<g>
  <rect x="230.36" y="7" width="79.27" height="36" rx="8" fill="#7209b7"/>
  <text x="269.995" y="25" fill="#ffffff" font-size="12" font-weight="600" letter-spacing="0.01em" text-anchor="middle" dominant-baseline="central">Install now</text>
</g>
</svg>

### mpu 300×250
<svg xmlns="http://www.w3.org/2000/svg" width="300" height="250" viewBox="0 0 300 250" font-family="system-ui,-apple-system,&quot;Segoe UI&quot;,Roboto,sans-serif">
<rect width="300" height="250" fill="#ffffff"/>
<defs>
<linearGradient id="g0" x1="0%" y1="0%" x2="85.4%" y2="85.4%"><stop offset="0%" stop-color="#240046"/><stop offset="100%" stop-color="#7209b7"/></linearGradient>
<clipPath id="cx-img-product"><rect x="164.89" y="17.13" width="117.98" height="215.74"/></clipPath>
<clipPath id="clip-logo"><rect x="12" y="12" width="105.08" height="18"/></clipPath>
<clipPath id="clip-headline"><rect x="10" y="84.63" width="125.76" height="62.75"/></clipPath>
</defs>
<rect x="0" y="0" width="300" height="250" fill="url(#g0)"/>
<g clip-path="url(#cx-img-product)"><image x="135.57161676646706" y="17.13" width="176.61676646706587" height="215.74" href="data:…" preserveAspectRatio="none"/></g>
<g clip-path="url(#clip-logo)">
  
  <text fill="#0b0b0c" font-size="18" font-weight="700" letter-spacing="-0.01em"><tspan x="13" y="30">Rift Racers</tspan></text>
</g>
<g clip-path="url(#clip-headline)">
  
  <text fill="#0b0b0c" font-size="25" font-weight="700" letter-spacing="-0.02em"><tspan x="11" y="109.63">Drift the</tspan><tspan x="11" y="136.63">multiverse</tspan></text>
</g>
<g>
  <rect x="11" y="201" width="123.76" height="38" rx="8" fill="#7209b7"/>
  <text x="72.88" y="220" fill="#ffffff" font-size="16" font-weight="600" letter-spacing="0.01em" text-anchor="middle" dominant-baseline="central">Install now</text>
</g>
</svg>

### half-page 300×600
<svg xmlns="http://www.w3.org/2000/svg" width="300" height="600" viewBox="0 0 300 600" font-family="system-ui,-apple-system,&quot;Segoe UI&quot;,Roboto,sans-serif">
<rect width="300" height="600" fill="#ffffff"/>
<defs>
<linearGradient id="g0" x1="0%" y1="0%" x2="85.4%" y2="85.4%"><stop offset="0%" stop-color="#240046"/><stop offset="100%" stop-color="#7209b7"/></linearGradient>
<clipPath id="clip-logo"><rect x="91.62" y="14" width="116.76" height="20"/></clipPath>
<clipPath id="clip-badge"><rect x="90.08" y="54" width="119.84" height="14"/></clipPath>
<clipPath id="clip-headline"><rect x="12" y="107.63" width="276" height="138.05"/></clipPath>
<clipPath id="cx-img-product"><rect x="23.79" y="295.1" width="252.42" height="225.11"/></clipPath>
</defs>
<rect x="0" y="0" width="300" height="600" fill="url(#g0)"/>
<g clip-path="url(#clip-logo)">
  
  <text fill="#0b0b0c" font-size="20" font-weight="700" letter-spacing="-0.01em"><tspan x="92.62" y="34">Rift Racers</tspan></text>
</g>
<g clip-path="url(#clip-badge)">
  
  <text fill="#0b0b0c" font-size="14" font-weight="700" letter-spacing="0.04em" style="text-transform:uppercase"><tspan x="91.08" y="68">FREE TO PLAY</tspan></text>
</g>
<g clip-path="url(#clip-headline)">
  
  <text fill="#0b0b0c" font-size="55" font-weight="700" letter-spacing="-0.02em"><tspan x="13" y="162.63">Drift the</tspan><tspan x="13" y="222.03">multiverse</tspan></text>
</g>
<g clip-path="url(#cx-img-product)"><image x="23.79" y="278.1396575342466" width="252.42" height="308.36986301369865" href="data:…" preserveAspectRatio="none"/></g>
<g>
  <rect x="78.99" y="549" width="142.02" height="38" rx="8" fill="#7209b7"/>
  <text x="150" y="568" fill="#ffffff" font-size="18" font-weight="600" letter-spacing="0.01em" text-anchor="middle" dominant-baseline="central">Install now</text>
</g>
</svg>

### feed-square 1080×1080
<svg xmlns="http://www.w3.org/2000/svg" width="1080" height="1080" viewBox="0 0 1080 1080" font-family="system-ui,-apple-system,&quot;Segoe UI&quot;,Roboto,sans-serif">
<rect width="1080" height="1080" fill="#ffffff"/>
<defs>
<linearGradient id="g0" x1="0%" y1="0%" x2="85.4%" y2="85.4%"><stop offset="0%" stop-color="#240046"/><stop offset="100%" stop-color="#7209b7"/></linearGradient>
<clipPath id="clip-logo"><rect x="82" y="601.12" width="105.08" height="18"/></clipPath>
<clipPath id="clip-headline"><rect x="80" y="637.12" width="728.64" height="289.28"/></clipPath>
<clipPath id="clip-badge"><rect x="72.48" y="75.9" width="102.72" height="16.2"/></clipPath>
</defs>
<rect x="0" y="0" width="1080" height="1080" fill="url(#g0)"/>
<g clip-path="url(#clip-logo)">
  <rect x="80.84" y="601.12" width="98.6" height="18" fill="#ffffff" opacity="0.18"/>
  <text fill="#0b0b0c" font-size="18" font-weight="700" letter-spacing="-0.01em"><tspan x="83" y="619.12">Rift Racers</tspan></text>
</g>
<g clip-path="url(#clip-headline)">
  <rect x="65.16" y="637.12" width="521.93" height="142.56" fill="#000000" opacity="0.34"/>
  <rect x="65.16" y="779.68" width="681.12" height="142.56" fill="#000000" opacity="0.34"/>
  <text fill="#ffffff" font-size="132" font-weight="700" letter-spacing="-0.02em"><tspan x="81" y="769.12">Drift the</tspan><tspan x="81" y="911.68">multiverse</tspan></text>
</g>
<g>
  <rect x="67" y="943.4" width="295.16" height="69.6" rx="8" fill="#7209b7"/>
  <text x="214.58" y="978.1999999999999" fill="#ffffff" font-size="44" font-weight="600" letter-spacing="0.01em" text-anchor="middle" dominant-baseline="central">Install now</text>
</g>
<g clip-path="url(#clip-badge)">
  <rect x="72.04" y="75.9" width="98.4" height="12" fill="#ffffff" opacity="0.18"/>
  <text fill="#0b0b0c" font-size="12" font-weight="700" letter-spacing="0.04em" style="text-transform:uppercase"><tspan x="73.48" y="87.9">FREE TO PLAY</tspan></text>
</g>
</svg>

### story 1080×1920
<svg xmlns="http://www.w3.org/2000/svg" width="1080" height="1920" viewBox="0 0 1080 1920" font-family="system-ui,-apple-system,&quot;Segoe UI&quot;,Roboto,sans-serif">
<rect width="1080" height="1920" fill="#ffffff"/>
<defs>
<linearGradient id="g0" x1="0%" y1="0%" x2="85.4%" y2="85.4%"><stop offset="0%" stop-color="#240046"/><stop offset="100%" stop-color="#7209b7"/></linearGradient>
<clipPath id="clip-logo"><rect x="423.24" y="100" width="233.52" height="40.11"/></clipPath>
<clipPath id="clip-badge"><rect x="445.84" y="160.16" width="188.32" height="29.7"/></clipPath>
<clipPath id="clip-headline"><rect x="175.68" y="335.24" width="728.64" height="331.32"/></clipPath>
<clipPath id="cx-img-product"><rect x="83.86" y="843.75" width="912.28" height="732.79"/></clipPath>
</defs>
<rect x="0" y="0" width="1080" height="1920" fill="url(#g0)"/>
<g clip-path="url(#clip-logo)">
  
  <text fill="#0b0b0c" font-size="40" font-weight="700" letter-spacing="-0.01em"><tspan x="424.24" y="140">Rift Racers</tspan></text>
</g>
<g clip-path="url(#clip-badge)">
  
  <text fill="#0b0b0c" font-size="22" font-weight="700" letter-spacing="0.04em" style="text-transform:uppercase"><tspan x="446.84" y="182.16">FREE TO PLAY</tspan></text>
</g>
<g clip-path="url(#clip-headline)">
  
  <text fill="#0b0b0c" font-size="132" font-weight="700" letter-spacing="-0.02em"><tspan x="176.68" y="467.24">Drift the</tspan><tspan x="176.68" y="609.8">multiverse</tspan></text>
</g>
<g clip-path="url(#cx-img-product)"><image x="83.86" y="742.2524505327245" width="912.28" height="1115.3576864535767" href="data:…" preserveAspectRatio="none"/></g>
<g>
  <rect x="392.42" y="1627.4" width="295.16" height="69.6" rx="8" fill="#7209b7"/>
  <text x="540" y="1662.2" fill="#ffffff" font-size="44" font-weight="600" letter-spacing="0.01em" text-anchor="middle" dominant-baseline="central">Install now</text>
</g>
</svg>

### ctv-1080 1920×1080
<svg xmlns="http://www.w3.org/2000/svg" width="1920" height="1080" viewBox="0 0 1920 1080" font-family="system-ui,-apple-system,&quot;Segoe UI&quot;,Roboto,sans-serif">
<rect width="1920" height="1080" fill="#ffffff"/>
<defs>
<linearGradient id="g0" x1="0%" y1="0%" x2="85.4%" y2="85.4%"><stop offset="0%" stop-color="#240046"/><stop offset="100%" stop-color="#7209b7"/></linearGradient>
<clipPath id="clip-logo"><rect x="100" y="105.1" width="152" height="37.8"/></clipPath>
<clipPath id="clip-headline"><rect x="112" y="531.94" width="1254.53" height="188.76"/></clipPath>
</defs>
<rect x="0" y="0" width="1920" height="1080" fill="url(#g0)"/>
<g clip-path="url(#clip-logo)">
  
  <text fill="#0b0b0c" font-size="28" font-weight="700" letter-spacing="-0.01em"><tspan x="101" y="133.1">Rift Racers</tspan></text>
</g>
<g clip-path="url(#clip-headline)">
  <rect x="97.16" y="531.94" width="1207.01" height="142.56" fill="#ffffff" opacity="0.1"/>
  <text fill="#0b0b0c" font-size="132" font-weight="700" letter-spacing="-0.02em"><tspan x="113" y="663.94">Drift the multiverse</tspan></text>
</g>
<g>
  <rect x="99" y="923" width="259.82" height="58" rx="8" fill="#7209b7"/>
  <text x="228.91" y="952" fill="#ffffff" font-size="38" font-weight="600" letter-spacing="0.01em" text-anchor="middle" dominant-baseline="central">Install now</text>
</g>
</svg>

### dooh-ultrawide 3840×1080
<svg xmlns="http://www.w3.org/2000/svg" width="3840" height="1080" viewBox="0 0 3840 1080" font-family="system-ui,-apple-system,&quot;Segoe UI&quot;,Roboto,sans-serif">
<rect width="3840" height="1080" fill="#ffffff"/>
<defs>
<linearGradient id="g0" x1="0%" y1="0%" x2="85.4%" y2="85.4%"><stop offset="0%" stop-color="#240046"/><stop offset="100%" stop-color="#7209b7"/></linearGradient>
<clipPath id="clip-logo"><rect x="84" y="89.1" width="152" height="37.8"/></clipPath>
<clipPath id="clip-headline"><rect x="96" y="536.42" width="1254.53" height="188.76"/></clipPath>
</defs>
<rect x="0" y="0" width="3840" height="1080" fill="url(#g0)"/>
<g clip-path="url(#clip-logo)">
  
  <text fill="#0b0b0c" font-size="28" font-weight="700" letter-spacing="-0.01em"><tspan x="85" y="117.1">Rift Racers</tspan></text>
</g>
<g clip-path="url(#clip-headline)">
  <rect x="81.16" y="536.42" width="1207.01" height="142.56" fill="#ffffff" opacity="0.1"/>
  <text fill="#0b0b0c" font-size="132" font-weight="700" letter-spacing="-0.02em"><tspan x="97" y="668.42">Drift the multiverse</tspan></text>
</g>
<g>
  <rect x="83" y="939" width="259.82" height="58" rx="8" fill="#7209b7"/>
  <text x="212.91" y="968" fill="#ffffff" font-size="38" font-weight="600" letter-spacing="0.01em" text-anchor="middle" dominant-baseline="central">Install now</text>
</g>
</svg>"
`;

exports[`SVG render snapshots > retail-sale 1`] = `
"### mobile-banner 320×50
<svg xmlns="http://www.w3.org/2000/svg" width="320" height="50" viewBox="0 0 320 50" font-family="system-ui,-apple-system,&quot;Segoe UI&quot;,Roboto,sans-serif">
<rect width="320" height="50" fill="#ffffff"/>
<defs>
<clipPath id="clip-logo"><rect x="8" y="16.9" width="32" height="16.2"/></clipPath>
<clipPath id="clip-headline"><rect x="58" y="6" width="152" height="38"/></clipPath>
</defs>
<g clip-path="url(#clip-logo)">
  
  <text fill="#0b0b0c" font-size="12" font-weight="700" letter-spacing="-0.01em"><tspan x="9" y="28.9">NOVA</tspan></text>
</g>
<g clip-path="url(#clip-headline)">
  
  <text fill="#0b0b0c" font-size="17" font-weight="700" letter-spacing="-0.02em"><tspan x="59" y="23">Up to 50% off the</tspan><tspan x="59" y="41.36">entire summer edit</tspan></text>
</g>
<g>
  <rect x="227" y="7" width="86" height="36" rx="8" fill="#f72585"/>
  <text x="270" y="25" fill="#0b0b0c" font-size="12" font-weight="600" letter-spacing="0.01em" text-anchor="middle" dominant-baseline="central">Shop the sale</text>
</g>
</svg>

### mpu 300×250
<svg xmlns="http://www.w3.org/2000/svg" width="300" height="250" viewBox="0 0 300 250" font-family="system-ui,-apple-system,&quot;Segoe UI&quot;,Roboto,sans-serif">
<rect width="300" height="250" fill="#ffffff"/>
<defs>
<clipPath id="cx-bg-bg"><rect x="0" y="0" width="300" height="250"/></clipPath>
<clipPath id="clip-logo"><rect x="116.7" y="12" width="66.6" height="20"/></clipPath>
<clipPath id="clip-badge"><rect x="92.53" y="52" width="114.94" height="14"/></clipPath>
<clipPath id="clip-headline"><rect x="66.7" y="84" width="166.61" height="40"/></clipPath>
<clipPath id="clip-subhead"><rect x="15.86" y="143.2" width="268.28" height="17.6"/></clipPath>
<clipPath id="clip-legal"><rect x="9" y="235" width="169.96" height="12"/></clipPath>
</defs>
<g clip-path="url(#cx-bg-bg)"><image x="-33.333333333333336" y="0" width="333.3333333333333" height="250" href="data:…" preserveAspectRatio="none"/></g>
<g clip-path="url(#clip-logo)">
  
  <text fill="#0b0b0c" font-size="20" font-weight="700" letter-spacing="-0.01em"><tspan x="117.7" y="32">NOVA</tspan></text>
</g>
<g clip-path="url(#clip-badge)">
  
  <text fill="#0b0b0c" font-size="14" font-weight="700" letter-spacing="0.04em" style="text-transform:uppercase"><tspan x="93.53" y="66">ENDS SUNDAY</tspan></text>
</g>
<g clip-path="url(#clip-headline)">
  
  <text fill="#0b0b0c" font-size="18" font-weight="700" letter-spacing="-0.02em"><tspan x="67.7" y="102">Up to 50% off the</tspan><tspan x="67.7" y="121.44">entire summer edit</tspan></text>
</g>
<g clip-path="url(#clip-subhead)">
  
  <text fill="#0b0b0c" font-size="11" font-weight="400" letter-spacing="-0.005em"><tspan x="16.86" y="154.2">New markdowns added daily. Members get an extra 10%.</tspan></text>
</g>
<g>
  <rect x="69.31" y="181" width="161.39" height="38" rx="8" fill="#f72585"/>
  <text x="150.005" y="200" fill="#0b0b0c" font-size="18" font-weight="600" letter-spacing="0.01em" text-anchor="middle" dominant-baseline="central">Shop the sale</text>
</g>
<g clip-path="url(#clip-legal)">
  
  <text fill="#0b0b0c" font-size="10" font-weight="400" letter-spacing="0em"><tspan x="10" y="245">Selected lines only. See site for terms.</tspan></text>
</g>
</svg>

### half-page 300×600
<svg xmlns="http://www.w3.org/2000/svg" width="300" height="600" viewBox="0 0 300 600" font-family="system-ui,-apple-system,&quot;Segoe UI&quot;,Roboto,sans-serif">
<rect width="300" height="600" fill="#ffffff"/>
<defs>
<clipPath id="cx-bg-bg"><rect x="0" y="0" width="300" height="600"/></clipPath>
<clipPath id="clip-logo"><rect x="116.7" y="14" width="66.6" height="20"/></clipPath>
<clipPath id="clip-badge"><rect x="92.53" y="54" width="114.94" height="14"/></clipPath>
<clipPath id="clip-headline"><rect x="12" y="138.76" width="276" height="165.14"/></clipPath>
<clipPath id="clip-subhead"><rect x="14" y="381.94" width="272" height="114.8"/></clipPath>
<clipPath id="clip-legal"><rect x="11" y="577" width="169.96" height="12"/></clipPath>
</defs>
<g clip-path="url(#cx-bg-bg)"><image x="-410.40000000000003" y="0" width="800" height="600" href="data:…" preserveAspectRatio="none"/></g>
<g clip-path="url(#clip-logo)">
  
  <text fill="#0b0b0c" font-size="20" font-weight="700" letter-spacing="-0.01em"><tspan x="117.7" y="34">NOVA</tspan></text>
</g>
<g clip-path="url(#clip-badge)">
  
  <text fill="#0b0b0c" font-size="14" font-weight="700" letter-spacing="0.04em" style="text-transform:uppercase"><tspan x="93.53" y="68">ENDS SUNDAY</tspan></text>
</g>
<g clip-path="url(#clip-headline)">
  
  <text fill="#0b0b0c" font-size="46" font-weight="700" letter-spacing="-0.02em"><tspan x="13" y="184.76">Up to 50%</tspan><tspan x="13" y="234.44">off the entire</tspan><tspan x="13" y="284.12">summer edit</tspan></text>
</g>
<g clip-path="url(#clip-subhead)">
  
  <text fill="#0b0b0c" font-size="28" font-weight="400" letter-spacing="-0.005em"><tspan x="15" y="409.94">New markdowns</tspan><tspan x="15" y="444.94">added daily. Members</tspan><tspan x="15" y="479.94">get an extra 10%.</tspan></text>
</g>
<g>
  <rect x="69.31" y="523" width="161.39" height="38" rx="8" fill="#f72585"/>
  <text x="150.005" y="542" fill="#0b0b0c" font-size="18" font-weight="600" letter-spacing="0.01em" text-anchor="middle" dominant-baseline="central">Shop the sale</text>
</g>
<g clip-path="url(#clip-legal)">
  
  <text fill="#0b0b0c" font-size="10" font-weight="400" letter-spacing="0em"><tspan x="12" y="587">Selected lines only. See site for terms.</tspan></text>
</g>
</svg>

### feed-square 1080×1080
<svg xmlns="http://www.w3.org/2000/svg" width="1080" height="1080" viewBox="0 0 1080 1080" font-family="system-ui,-apple-system,&quot;Segoe UI&quot;,Roboto,sans-serif">
<rect width="1080" height="1080" fill="#ffffff"/>
<defs>
<clipPath id="cx-bg-bg"><rect x="0" y="0" width="1080" height="1080"/></clipPath>
<clipPath id="clip-logo"><rect x="473.4" y="68" width="133.2" height="40.11"/></clipPath>
<clipPath id="clip-badge"><rect x="449.69" y="128.16" width="180.62" height="29.7"/></clipPath>
<clipPath id="clip-headline"><rect x="115.49" y="175.91" width="849.02" height="466.96"/></clipPath>
<clipPath id="clip-subhead"><rect x="279.3" y="717.61" width="521.4" height="114"/></clipPath>
<clipPath id="clip-legal"><rect x="65" y="992.95" width="305.93" height="22.05"/></clipPath>
</defs>
<g clip-path="url(#cx-bg-bg)"><image x="-360" y="0" width="1440" height="1080" href="data:…" preserveAspectRatio="none"/></g>
<g clip-path="url(#clip-logo)">
  
  <text fill="#0b0b0c" font-size="40" font-weight="700" letter-spacing="-0.01em"><tspan x="474.4" y="108">NOVA</tspan></text>
</g>
<g clip-path="url(#clip-badge)">
  
  <text fill="#0b0b0c" font-size="22" font-weight="700" letter-spacing="0.04em" style="text-transform:uppercase"><tspan x="450.69" y="150.16">ENDS SUNDAY</tspan></text>
</g>
<g clip-path="url(#clip-headline)">
  
  <text fill="#0b0b0c" font-size="132" font-weight="700" letter-spacing="-0.02em"><tspan x="116.49" y="307.91">Up to 50%</tspan><tspan x="116.49" y="450.47">off the entire</tspan><tspan x="116.49" y="593.03">summer edit</tspan></text>
</g>
<g clip-path="url(#clip-subhead)">
  
  <text fill="#0b0b0c" font-size="40" font-weight="400" letter-spacing="-0.005em"><tspan x="280.3" y="757.61">New markdowns added daily.</tspan><tspan x="280.3" y="807.61">Members get an extra 10%.</tspan></text>
</g>
<g>
  <rect x="368.75" y="907.35" width="342.5" height="69.6" rx="8" fill="#f72585"/>
  <text x="540" y="942.15" fill="#0b0b0c" font-size="44" font-weight="600" letter-spacing="0.01em" text-anchor="middle" dominant-baseline="central">Shop the sale</text>
</g>
<g clip-path="url(#clip-legal)">
  
  <text fill="#0b0b0c" font-size="18" font-weight="400" letter-spacing="0em"><tspan x="66" y="1010.95">Selected lines only. See site for terms.</tspan></text>
</g>
</svg>

### story 1080×1920
<svg xmlns="http://www.w3.org/2000/svg" width="1080" height="1920" viewBox="0 0 1080 1920" font-family="system-ui,-apple-system,&quot;Segoe UI&quot;,Roboto,sans-serif">
<rect width="1080" height="1920" fill="#ffffff"/>
<defs>
<clipPath id="cx-bg-bg"><rect x="0" y="0" width="1080" height="1920"/></clipPath>
<clipPath id="clip-logo"><rect x="473.4" y="100" width="133.2" height="40.11"/></clipPath>
<clipPath id="clip-badge"><rect x="449.69" y="160.16" width="180.62" height="29.7"/></clipPath>
<clipPath id="clip-headline"><rect x="115.49" y="421.78" width="849.02" height="473.88"/></clipPath>
<clipPath id="clip-subhead"><rect x="52.22" y="1317.94" width="975.56" height="64"/></clipPath>
<clipPath id="clip-legal"><rect x="49" y="1676.95" width="305.93" height="22.05"/></clipPath>
</defs>
<g clip-path="url(#cx-bg-bg)"><image x="-1251.4691943127964" y="0" width="2559.2417061611377" height="1920" href="data:…" preserveAspectRatio="none"/></g>
<g clip-path="url(#clip-logo)">
  
  <text fill="#0b0b0c" font-size="40" font-weight="700" letter-spacing="-0.01em"><tspan x="474.4" y="140">NOVA</tspan></text>
</g>
<g clip-path="url(#clip-badge)">
  
  <text fill="#0b0b0c" font-size="22" font-weight="700" letter-spacing="0.04em" style="text-transform:uppercase"><tspan x="450.69" y="182.16">ENDS SUNDAY</tspan></text>
</g>
<g clip-path="url(#clip-headline)">
  
  <text fill="#0b0b0c" font-size="132" font-weight="700" letter-spacing="-0.02em"><tspan x="116.49" y="553.78">Up to 50%</tspan><tspan x="116.49" y="696.34">off the entire</tspan><tspan x="116.49" y="838.9">summer edit</tspan></text>
</g>
<g clip-path="url(#clip-subhead)">
  
  <text fill="#0b0b0c" font-size="40" font-weight="400" letter-spacing="-0.005em"><tspan x="53.22" y="1357.94">New markdowns added daily. Members get an extra 10%.</tspan></text>
</g>
<g>
  <rect x="368.75" y="1591.35" width="342.5" height="69.6" rx="8" fill="#f72585"/>
  <text x="540" y="1626.1499999999999" fill="#0b0b0c" font-size="44" font-weight="600" letter-spacing="0.01em" text-anchor="middle" dominant-baseline="central">Shop the sale</text>
</g>
<g clip-path="url(#clip-legal)">
  
  <text fill="#0b0b0c" font-size="18" font-weight="400" letter-spacing="0em"><tspan x="50" y="1694.95">Selected lines only. See site for terms.</tspan></text>
</g>
</svg>

### ctv-1080 1920×1080
<svg xmlns="http://www.w3.org/2000/svg" width="1920" height="1080" viewBox="0 0 1920 1080" font-family="system-ui,-apple-system,&quot;Segoe UI&quot;,Roboto,sans-serif">
<rect width="1920" height="1080" fill="#ffffff"/>
<defs>
<clipPath id="cx-bg-bg"><rect x="0" y="0" width="1920" height="1080"/></clipPath>
<clipPath id="clip-logo"><rect x="100" y="100" width="133.2" height="48"/></clipPath>
<clipPath id="clip-headline"><rect x="112" y="460.66" width="1221.79" height="331.32"/></clipPath>
</defs>
<g clip-path="url(#cx-bg-bg)"><image x="0" y="-7.2" width="1920" height="1440" href="data:…" preserveAspectRatio="none"/></g>
<g clip-path="url(#clip-logo)">
  
  <text fill="#0b0b0c" font-size="40" font-weight="700" letter-spacing="-0.01em"><tspan x="101" y="140">NOVA</tspan></text>
</g>
<g clip-path="url(#clip-headline)">
  <rect x="97.16" y="460.66" width="1035.14" height="142.56" fill="#ffffff" opacity="0.05"/>
  <rect x="97.16" y="603.22" width="1174.27" height="142.56" fill="#ffffff" opacity="0.05"/>
  <text fill="#0b0b0c" font-size="132" font-weight="700" letter-spacing="-0.02em"><tspan x="113" y="592.66">Up to 50% off the</tspan><tspan x="113" y="735.22">entire summer edit</tspan></text>
</g>
<g>
  <rect x="99" y="923" width="300.71" height="58" rx="8" fill="#f72585"/>
  <text x="249.355" y="952" fill="#0b0b0c" font-size="38" font-weight="600" letter-spacing="0.01em" text-anchor="middle" dominant-baseline="central">Shop the sale</text>
</g>
</svg>

### dooh-ultrawide 3840×1080
<svg xmlns="http://www.w3.org/2000/svg" width="3840" height="1080" viewBox="0 0 3840 1080" font-family="system-ui,-apple-system,&quot;Segoe UI&quot;,Roboto,sans-serif">
<rect width="3840" height="1080" fill="#ffffff"/>
<defs>
<clipPath id="clip-logo"><rect x="84" y="84" width="133.2" height="48"/></clipPath>
<clipPath id="clip-headline"><rect x="96" y="536.42" width="2260.9" height="188.76"/></clipPath>
</defs>
<g clip-path="url(#clip-logo)">
  
  <text fill="#0b0b0c" font-size="40" font-weight="700" letter-spacing="-0.01em"><tspan x="85" y="124">NOVA</tspan></text>
</g>
<g clip-path="url(#clip-headline)">
  
  <text fill="#0b0b0c" font-size="132" font-weight="700" letter-spacing="-0.02em"><tspan x="97" y="668.42">Up to 50% off the entire summer edit</tspan></text>
</g>
<g>
  <rect x="83" y="939" width="300.71" height="58" rx="8" fill="#f72585"/>
  <text x="233.355" y="968" fill="#0b0b0c" font-size="38" font-weight="600" letter-spacing="0.01em" text-anchor="middle" dominant-baseline="central">Shop the sale</text>
</g>
</svg>"
`;

exports[`SVG render snapshots > saas-trial 1`] = `
"### mobile-banner 320×50
<svg xmlns="http://www.w3.org/2000/svg" width="320" height="50" viewBox="0 0 320 50" font-family="system-ui,-apple-system,&quot;Segoe UI&quot;,Roboto,sans-serif">
<rect width="320" height="50" fill="#ffffff"/>
<defs>
<linearGradient id="g0" x1="0%" y1="0%" x2="85.4%" y2="85.4%"><stop offset="0%" stop-color="#0d1b2a"/><stop offset="100%" stop-color="#1b263b"/></linearGradient>
<clipPath id="clip-logo"><rect x="8" y="16.9" width="32" height="16.2"/></clipPath>
<clipPath id="clip-headline"><rect x="58" y="6" width="151.68" height="38"/></clipPath>
</defs>
<rect x="0" y="0" width="320" height="50" fill="url(#g0)"/>
<g clip-path="url(#clip-logo)">
  
  <text fill="#ffffff" font-size="12" font-weight="700" letter-spacing="-0.01em"><tspan x="9" y="28.9">Cadence</tspan></text>
</g>
<g clip-path="url(#clip-headline)">
  
  <text fill="#ffffff" font-size="16" font-weight="700" letter-spacing="-0.02em"><tspan x="59" y="22">Ship your roadmap,</tspan><tspan x="59" y="39.28">not your Fridays</tspan></text>
</g>
<g>
  <rect x="227" y="7" width="86" height="36" rx="8" fill="#4361ee"/>
  <text x="270" y="25" fill="#ffffff" font-size="12" font-weight="600" letter-spacing="0.01em" text-anchor="middle" dominant-baseline="central">Start free trial</text>
</g>
</svg>

### mpu 300×250
<svg xmlns="http://www.w3.org/2000/svg" width="300" height="250" viewBox="0 0 300 250" font-family="system-ui,-apple-system,&quot;Segoe UI&quot;,Roboto,sans-serif">
<rect width="300" height="250" fill="#ffffff"/>
<defs>
<linearGradient id="g0" x1="0%" y1="0%" x2="85.4%" y2="85.4%"><stop offset="0%" stop-color="#0d1b2a"/><stop offset="100%" stop-color="#1b263b"/></linearGradient>
<clipPath id="clip-logo"><rect x="103.98" y="12" width="92.04" height="20"/></clipPath>
<clipPath id="clip-headline"><rect x="12.54" y="50" width="274.92" height="62.67"/></clipPath>
<clipPath id="clip-subhead"><rect x="15.91" y="130.67" width="268.17" height="25.33"/></clipPath>
<clipPath id="clip-legal"><rect x="9" y="229" width="115.96" height="12"/></clipPath>
</defs>
<rect x="0" y="0" width="300" height="250" fill="url(#g0)"/>
<g clip-path="url(#clip-logo)">
  
  <text fill="#ffffff" font-size="20" font-weight="700" letter-spacing="-0.01em"><tspan x="104.98" y="32">Cadence</tspan></text>
</g>
<g clip-path="url(#clip-headline)">
  
  <text fill="#ffffff" font-size="29" font-weight="700" letter-spacing="-0.02em"><tspan x="13.54" y="79">Ship your roadmap,</tspan><tspan x="13.54" y="110.32">not your Fridays</tspan></text>
</g>
<g clip-path="url(#clip-subhead)">
  
  <text fill="#ffffff" font-size="17" font-weight="400" letter-spacing="-0.005em"><tspan x="16.91" y="147.67">Planning that keeps itself up to date.</tspan></text>
</g>
<g>
  <rect x="67.76" y="175" width="164.48" height="38" rx="8" fill="#4361ee"/>
  <text x="150" y="194" fill="#ffffff" font-size="18" font-weight="600" letter-spacing="0.01em" text-anchor="middle" dominant-baseline="central">Start free trial</text>
</g>
<g clip-path="url(#clip-legal)">
  
  <text fill="#ffffff" font-size="10" font-weight="400" letter-spacing="0em"><tspan x="10" y="239">No card required. 14 days.</tspan></text>
</g>
</svg>

### half-page 300×600
<svg xmlns="http://www.w3.org/2000/svg" width="300" height="600" viewBox="0 0 300 600" font-family="system-ui,-apple-system,&quot;Segoe UI&quot;,Roboto,sans-serif">
<rect width="300" height="600" fill="#ffffff"/>
<defs>
<linearGradient id="g0" x1="0%" y1="0%" x2="85.4%" y2="85.4%"><stop offset="0%" stop-color="#0d1b2a"/><stop offset="100%" stop-color="#1b263b"/></linearGradient>
<clipPath id="clip-headline"><rect x="41.69" y="175.57" width="216.61" height="118.47"/></clipPath>
<clipPath id="clip-subhead"><rect x="24.88" y="327.6" width="250.24" height="25.6"/></clipPath>
<clipPath id="clip-logo"><rect x="21.2" y="15" width="184.08" height="54"/></clipPath>
</defs>
<rect x="0" y="0" width="300" height="600" fill="url(#g0)"/>
<g clip-path="url(#clip-headline)">
  <rect x="38.73" y="175.57" width="151.47" height="35.64" fill="#000000" opacity="0.29"/>
  <rect x="38.73" y="211.21" width="204.73" height="35.64" fill="#000000" opacity="0.29"/>
  <rect x="38.73" y="246.85" width="198.13" height="35.64" fill="#000000" opacity="0.29"/>
  <text fill="#ffffff" font-size="33" font-weight="700" letter-spacing="-0.02em"><tspan x="42.69" y="208.57">Ship your</tspan><tspan x="42.69" y="244.21">roadmap, not</tspan><tspan x="42.69" y="279.85">your Fridays</tspan></text>
</g>
<g clip-path="url(#clip-subhead)">
  <rect x="23.96" y="327.6" width="246.64" height="20" fill="#000000" opacity="0.54"/>
  <text fill="#ffffff" font-size="16" font-weight="400" letter-spacing="-0.005em"><tspan x="25.88" y="343.6">Planning that keeps itself up to date.</tspan></text>
</g>
<g>
  <rect x="67.76" y="386.6" width="164.48" height="38" rx="8" fill="#4361ee"/>
  <text x="150" y="405.6" fill="#ffffff" font-size="18" font-weight="600" letter-spacing="0.01em" text-anchor="middle" dominant-baseline="central">Start free trial</text>
</g>
<g clip-path="url(#clip-logo)">
  <rect x="17.4" y="15" width="169.68" height="40" fill="#ffffff" opacity="0.18"/>
  <text fill="#0b0b0c" font-size="40" font-weight="700" letter-spacing="-0.01em"><tspan x="22.2" y="55">Cadence</tspan></text>
</g>
</svg>

### feed-square 1080×1080
<svg xmlns="http://www.w3.org/2000/svg" width="1080" height="1080" viewBox="0 0 1080 1080" font-family="system-ui,-apple-system,&quot;Segoe UI&quot;,Roboto,sans-serif">
<rect width="1080" height="1080" fill="#ffffff"/>
<defs>
<linearGradient id="g0" x1="0%" y1="0%" x2="85.4%" y2="85.4%"><stop offset="0%" stop-color="#0d1b2a"/><stop offset="100%" stop-color="#1b263b"/></linearGradient>
<clipPath id="clip-logo"><rect x="447.96" y="68" width="184.08" height="40.11"/></clipPath>
<clipPath id="clip-headline"><rect x="133.03" y="153.61" width="813.94" height="445.16"/></clipPath>
<clipPath id="clip-subhead"><rect x="224.5" y="734.31" width="631" height="64"/></clipPath>
<clipPath id="clip-legal"><rect x="65" y="992.95" width="208.73" height="22.05"/></clipPath>
</defs>
<rect x="0" y="0" width="1080" height="1080" fill="url(#g0)"/>
<g clip-path="url(#clip-logo)">
  
  <text fill="#ffffff" font-size="40" font-weight="700" letter-spacing="-0.01em"><tspan x="448.96" y="108">Cadence</tspan></text>
</g>
<g clip-path="url(#clip-headline)">
  
  <text fill="#ffffff" font-size="124" font-weight="700" letter-spacing="-0.02em"><tspan x="134.03" y="277.61">Ship your</tspan><tspan x="134.03" y="411.53">roadmap, not</tspan><tspan x="134.03" y="545.45">your Fridays</tspan></text>
</g>
<g clip-path="url(#clip-subhead)">
  
  <text fill="#ffffff" font-size="40" font-weight="400" letter-spacing="-0.005em"><tspan x="225.5" y="774.31">Planning that keeps itself up to date.</tspan></text>
</g>
<g>
  <rect x="364.96" y="907.35" width="350.07" height="69.6" rx="8" fill="#4361ee"/>
  <text x="539.995" y="942.15" fill="#ffffff" font-size="44" font-weight="600" letter-spacing="0.01em" text-anchor="middle" dominant-baseline="central">Start free trial</text>
</g>
<g clip-path="url(#clip-legal)">
  
  <text fill="#ffffff" font-size="18" font-weight="400" letter-spacing="0em"><tspan x="66" y="1010.95">No card required. 14 days.</tspan></text>
</g>
</svg>

### story 1080×1920
<svg xmlns="http://www.w3.org/2000/svg" width="1080" height="1920" viewBox="0 0 1080 1920" font-family="system-ui,-apple-system,&quot;Segoe UI&quot;,Roboto,sans-serif">
<rect width="1080" height="1920" fill="#ffffff"/>
<defs>
<linearGradient id="g0" x1="0%" y1="0%" x2="85.4%" y2="85.4%"><stop offset="0%" stop-color="#0d1b2a"/><stop offset="100%" stop-color="#1b263b"/></linearGradient>
<clipPath id="clip-logo"><rect x="447.96" y="100" width="184.08" height="40.11"/></clipPath>
<clipPath id="clip-headline"><rect x="119.9" y="395.76" width="840.19" height="459.52"/></clipPath>
<clipPath id="clip-subhead"><rect x="224.5" y="1309.64" width="631" height="64"/></clipPath>
<clipPath id="clip-legal"><rect x="49" y="1676.95" width="208.73" height="22.05"/></clipPath>
</defs>
<rect x="0" y="0" width="1080" height="1920" fill="url(#g0)"/>
<g clip-path="url(#clip-logo)">
  
  <text fill="#ffffff" font-size="40" font-weight="700" letter-spacing="-0.01em"><tspan x="448.96" y="140">Cadence</tspan></text>
</g>
<g clip-path="url(#clip-headline)">
  
  <text fill="#ffffff" font-size="128" font-weight="700" letter-spacing="-0.02em"><tspan x="120.9" y="523.76">Ship your</tspan><tspan x="120.9" y="662">roadmap, not</tspan><tspan x="120.9" y="800.24">your Fridays</tspan></text>
</g>
<g clip-path="url(#clip-subhead)">
  
  <text fill="#ffffff" font-size="40" font-weight="400" letter-spacing="-0.005em"><tspan x="225.5" y="1349.64">Planning that keeps itself up to date.</tspan></text>
</g>
<g>
  <rect x="364.96" y="1591.35" width="350.07" height="69.6" rx="8" fill="#4361ee"/>
  <text x="539.995" y="1626.1499999999999" fill="#ffffff" font-size="44" font-weight="600" letter-spacing="0.01em" text-anchor="middle" dominant-baseline="central">Start free trial</text>
</g>
<g clip-path="url(#clip-legal)">
  
  <text fill="#ffffff" font-size="18" font-weight="400" letter-spacing="0em"><tspan x="50" y="1694.95">No card required. 14 days.</tspan></text>
</g>
</svg>

### ctv-1080 1920×1080
<svg xmlns="http://www.w3.org/2000/svg" width="1920" height="1080" viewBox="0 0 1920 1080" font-family="system-ui,-apple-system,&quot;Segoe UI&quot;,Roboto,sans-serif">
<rect width="1920" height="1080" fill="#ffffff"/>
<defs>
<linearGradient id="g0" x1="0%" y1="0%" x2="85.4%" y2="85.4%"><stop offset="0%" stop-color="#0d1b2a"/><stop offset="100%" stop-color="#1b263b"/></linearGradient>
<clipPath id="clip-headline"><rect x="112" y="370.18" width="1696" height="143"/></clipPath>
<clipPath id="clip-subhead"><rect x="644.5" y="567.24" width="631" height="64"/></clipPath>
<clipPath id="clip-logo"><rect x="110" y="101" width="184.08" height="54"/></clipPath>
</defs>
<rect x="0" y="0" width="1920" height="1080" fill="url(#g0)"/>
<g clip-path="url(#clip-headline)">
  <rect x="101" y="370.18" width="1685.8" height="108" fill="#000000" opacity="0.29"/>
  <text fill="#ffffff" font-size="100" font-weight="700" letter-spacing="-0.02em"><tspan x="113" y="470.18">Ship your roadmap, not your Fridays</tspan></text>
</g>
<g clip-path="url(#clip-subhead)">
  <rect x="640.7" y="567.24" width="616.6" height="50" fill="#000000" opacity="0.55"/>
  <text fill="#ffffff" font-size="40" font-weight="400" letter-spacing="-0.005em"><tspan x="645.5" y="607.24">Planning that keeps itself up to date.</tspan></text>
</g>
<g>
  <rect x="784.96" y="662.76" width="350.07" height="69.6" rx="8" fill="#4361ee"/>
  <text x="959.995" y="697.56" fill="#ffffff" font-size="44" font-weight="600" letter-spacing="0.01em" text-anchor="middle" dominant-baseline="central">Start free trial</text>
</g>
<g clip-path="url(#clip-logo)">
  <rect x="106.2" y="101" width="169.68" height="40" fill="#000000" opacity="0.6"/>
  <text fill="#ffffff" font-size="40" font-weight="700" letter-spacing="-0.01em"><tspan x="111" y="141">Cadence</tspan></text>
</g>
</svg>

### dooh-ultrawide 3840×1080
<svg xmlns="http://www.w3.org/2000/svg" width="3840" height="1080" viewBox="0 0 3840 1080" font-family="system-ui,-apple-system,&quot;Segoe UI&quot;,Roboto,sans-serif">
<rect width="3840" height="1080" fill="#ffffff"/>
<defs>
<linearGradient id="g0" x1="0%" y1="0%" x2="85.4%" y2="85.4%"><stop offset="0%" stop-color="#0d1b2a"/><stop offset="100%" stop-color="#1b263b"/></linearGradient>
<clipPath id="clip-logo"><rect x="84" y="84" width="152" height="48"/></clipPath>
<clipPath id="clip-headline"><rect x="96" y="536.42" width="2272.78" height="188.76"/></clipPath>
</defs>
<rect x="0" y="0" width="3840" height="1080" fill="url(#g0)"/>
<g clip-path="url(#clip-logo)">
  
  <text fill="#ffffff" font-size="37" font-weight="700" letter-spacing="-0.01em"><tspan x="85" y="121">Cadence</tspan></text>
</g>
<g clip-path="url(#clip-headline)">
  <rect x="81.16" y="536.42" width="2225.26" height="142.56" fill="#000000" opacity="0.25"/>
  <text fill="#ffffff" font-size="132" font-weight="700" letter-spacing="-0.02em"><tspan x="97" y="668.42">Ship your roadmap, not your Fridays</tspan></text>
</g>
<g>
  <rect x="83" y="939" width="307.24" height="58" rx="8" fill="#4361ee"/>
  <text x="236.62" y="968" fill="#ffffff" font-size="38" font-weight="600" letter-spacing="0.01em" text-anchor="middle" dominant-baseline="central">Start free trial</text>
</g>
</svg>"
`;

exports[`SVG render snapshots > travel-getaway 1`] = `
"### mobile-banner 320×50
<svg xmlns="http://www.w3.org/2000/svg" width="320" height="50" viewBox="0 0 320 50" font-family="system-ui,-apple-system,&quot;Segoe UI&quot;,Roboto,sans-serif">
<rect width="320" height="50" fill="#ffffff"/>
<defs>
<clipPath id="clip-logo"><rect x="8" y="16.9" width="32" height="16.2"/></clipPath>
<clipPath id="clip-headline"><rect x="58" y="6.17" width="152" height="37.65"/></clipPath>
</defs>
<g clip-path="url(#clip-logo)">
  
  <text fill="#0b0b0c" font-size="12" font-weight="700" letter-spacing="-0.01em"><tspan x="9" y="28.9">Farsight</tspan></text>
</g>
<g clip-path="url(#clip-headline)">
  
  <text fill="#0b0b0c" font-size="15" font-weight="700" letter-spacing="-0.02em"><tspan x="59" y="21.17">Escape the grey. Sun</tspan><tspan x="59" y="37.37">from £199 return.</tspan></text>
</g>
<g>
  <rect x="230.36" y="7" width="79.27" height="36" rx="8" fill="#0077b6"/>
  <text x="269.995" y="25" fill="#ffffff" font-size="12" font-weight="600" letter-spacing="0.01em" text-anchor="middle" dominant-baseline="central">Find flights</text>
</g>
</svg>

### mpu 300×250
<svg xmlns="http://www.w3.org/2000/svg" width="300" height="250" viewBox="0 0 300 250" font-family="system-ui,-apple-system,&quot;Segoe UI&quot;,Roboto,sans-serif">
<rect width="300" height="250" fill="#ffffff"/>
<defs>
<clipPath id="cx-bg-bg"><rect x="0" y="0" width="300" height="250"/></clipPath>
<clipPath id="clip-logo"><rect x="104.82" y="12" width="90.36" height="20"/></clipPath>
<clipPath id="clip-headline"><rect x="10" y="50" width="280" height="62.67"/></clipPath>
<clipPath id="clip-subhead"><rect x="17.3" y="130.67" width="265.39" height="25.33"/></clipPath>
<clipPath id="clip-legal"><rect x="9" y="229" width="275.96" height="12"/></clipPath>
</defs>
<g clip-path="url(#cx-bg-bg)"><image x="0" y="0" width="333.3333333333333" height="250" href="data:…" preserveAspectRatio="none"/></g>
<g clip-path="url(#clip-logo)">
  
  <text fill="#0b0b0c" font-size="20" font-weight="700" letter-spacing="-0.01em"><tspan x="105.82" y="32">Farsight</tspan></text>
</g>
<g clip-path="url(#clip-headline)">
  
  <text fill="#0b0b0c" font-size="28" font-weight="700" letter-spacing="-0.02em"><tspan x="11" y="78">Escape the grey. Sun</tspan><tspan x="11" y="108.24">from £199 return.</tspan></text>
</g>
<g clip-path="url(#clip-subhead)">
  
  <text fill="#0b0b0c" font-size="16" font-weight="400" letter-spacing="-0.005em"><tspan x="18.3" y="146.67">Flexible dates across 40 destinations.</tspan></text>
</g>
<g>
  <rect x="77.73" y="175" width="144.54" height="38" rx="8" fill="#0077b6"/>
  <text x="150" y="194" fill="#ffffff" font-size="18" font-weight="600" letter-spacing="0.01em" text-anchor="middle" dominant-baseline="central">Find flights</text>
</g>
<g clip-path="url(#clip-legal)">
  
  <text fill="#0b0b0c" font-size="10" font-weight="400" letter-spacing="0em"><tspan x="10" y="239">Price per person based on two travelling. Subject to availability.</tspan></text>
</g>
</svg>

### half-page 300×600
<svg xmlns="http://www.w3.org/2000/svg" width="300" height="600" viewBox="0 0 300 600" font-family="system-ui,-apple-system,&quot;Segoe UI&quot;,Roboto,sans-serif">
<rect width="300" height="600" fill="#ffffff"/>
<defs>
<clipPath id="cx-bg-bg"><rect x="0" y="0" width="300" height="600"/></clipPath>
<clipPath id="clip-logo"><rect x="24.88" y="338.8" width="81.32" height="18"/></clipPath>
<clipPath id="clip-headline"><rect x="23.04" y="374.8" width="240.12" height="95.47"/></clipPath>
<clipPath id="clip-subhead"><rect x="24.88" y="488.27" width="175.06" height="41.73"/></clipPath>
</defs>
<g clip-path="url(#cx-bg-bg)"><image x="-106.4" y="0" width="800" height="600" href="data:…" preserveAspectRatio="none"/></g>
<g clip-path="url(#clip-logo)">
  
  <text fill="#0b0b0c" font-size="18" font-weight="700" letter-spacing="-0.01em"><tspan x="25.88" y="356.8">Farsight</tspan></text>
</g>
<g clip-path="url(#clip-headline)">
  
  <text fill="#0b0b0c" font-size="29" font-weight="700" letter-spacing="-0.02em"><tspan x="24.04" y="403.8">Escape the grey.</tspan><tspan x="24.04" y="435.12">Sun from £199</tspan><tspan x="24.04" y="466.44">return.</tspan></text>
</g>
<g clip-path="url(#clip-subhead)">
  
  <text fill="#0b0b0c" font-size="16" font-weight="400" letter-spacing="-0.005em"><tspan x="25.88" y="504.27">Flexible dates across 40</tspan><tspan x="25.88" y="524.27">destinations.</tspan></text>
</g>
<g>
  <rect x="13" y="549" width="144.54" height="38" rx="8" fill="#0077b6"/>
  <text x="85.27" y="568" fill="#ffffff" font-size="18" font-weight="600" letter-spacing="0.01em" text-anchor="middle" dominant-baseline="central">Find flights</text>
</g>
</svg>

### feed-square 1080×1080
<svg xmlns="http://www.w3.org/2000/svg" width="1080" height="1080" viewBox="0 0 1080 1080" font-family="system-ui,-apple-system,&quot;Segoe UI&quot;,Roboto,sans-serif">
<rect width="1080" height="1080" fill="#ffffff"/>
<defs>
<clipPath id="cx-bg-bg"><rect x="0" y="0" width="1080" height="1080"/></clipPath>
<clipPath id="clip-logo"><rect x="449.64" y="68" width="180.72" height="40.11"/></clipPath>
<clipPath id="clip-headline"><rect x="66" y="166.18" width="948" height="420.03"/></clipPath>
<clipPath id="clip-subhead"><rect x="208.26" y="734.31" width="663.48" height="64"/></clipPath>
<clipPath id="clip-legal"><rect x="65" y="992.95" width="496.73" height="22.05"/></clipPath>
</defs>
<g clip-path="url(#cx-bg-bg)"><image x="0" y="0" width="1440" height="1080" href="data:…" preserveAspectRatio="none"/></g>
<g clip-path="url(#clip-logo)">
  
  <text fill="#0b0b0c" font-size="40" font-weight="700" letter-spacing="-0.01em"><tspan x="450.64" y="108">Farsight</tspan></text>
</g>
<g clip-path="url(#clip-headline)">
  
  <text fill="#0b0b0c" font-size="117" font-weight="700" letter-spacing="-0.02em"><tspan x="67" y="283.18">Escape the grey.</tspan><tspan x="67" y="409.54">Sun from £199</tspan><tspan x="67" y="535.9">return.</tspan></text>
</g>
<g clip-path="url(#clip-subhead)">
  
  <text fill="#0b0b0c" font-size="40" font-weight="400" letter-spacing="-0.005em"><tspan x="209.26" y="774.31">Flexible dates across 40 destinations.</tspan></text>
</g>
<g>
  <rect x="389.34" y="907.35" width="301.32" height="69.6" rx="8" fill="#0077b6"/>
  <text x="540" y="942.15" fill="#ffffff" font-size="44" font-weight="600" letter-spacing="0.01em" text-anchor="middle" dominant-baseline="central">Find flights</text>
</g>
<g clip-path="url(#clip-legal)">
  
  <text fill="#0b0b0c" font-size="18" font-weight="400" letter-spacing="0em"><tspan x="66" y="1010.95">Price per person based on two travelling. Subject to availability.</tspan></text>
</g>
</svg>

### story 1080×1920
<svg xmlns="http://www.w3.org/2000/svg" width="1080" height="1920" viewBox="0 0 1080 1920" font-family="system-ui,-apple-system,&quot;Segoe UI&quot;,Roboto,sans-serif">
<rect width="1080" height="1920" fill="#ffffff"/>
<defs>
<clipPath id="cx-bg-bg"><rect x="0" y="0" width="1080" height="1920"/></clipPath>
<clipPath id="clip-logo"><rect x="449.64" y="100" width="180.72" height="40.11"/></clipPath>
<clipPath id="clip-headline"><rect x="50" y="408.33" width="980" height="434.39"/></clipPath>
<clipPath id="clip-subhead"><rect x="208.26" y="1309.64" width="663.48" height="64"/></clipPath>
<clipPath id="clip-legal"><rect x="49" y="1676.95" width="496.73" height="22.05"/></clipPath>
</defs>
<g clip-path="url(#cx-bg-bg)"><image x="-278.957345971564" y="0" width="2559.2417061611377" height="1920" href="data:…" preserveAspectRatio="none"/></g>
<g clip-path="url(#clip-logo)">
  
  <text fill="#0b0b0c" font-size="40" font-weight="700" letter-spacing="-0.01em"><tspan x="450.64" y="140">Farsight</tspan></text>
</g>
<g clip-path="url(#clip-headline)">
  
  <text fill="#0b0b0c" font-size="121" font-weight="700" letter-spacing="-0.02em"><tspan x="51" y="529.33">Escape the grey.</tspan><tspan x="51" y="660.01">Sun from £199</tspan><tspan x="51" y="790.69">return.</tspan></text>
</g>
<g clip-path="url(#clip-subhead)">
  
  <text fill="#0b0b0c" font-size="40" font-weight="400" letter-spacing="-0.005em"><tspan x="209.26" y="1349.64">Flexible dates across 40 destinations.</tspan></text>
</g>
<g>
  <rect x="389.34" y="1591.35" width="301.32" height="69.6" rx="8" fill="#0077b6"/>
  <text x="540" y="1626.1499999999999" fill="#ffffff" font-size="44" font-weight="600" letter-spacing="0.01em" text-anchor="middle" dominant-baseline="central">Find flights</text>
</g>
<g clip-path="url(#clip-legal)">
  
  <text fill="#0b0b0c" font-size="18" font-weight="400" letter-spacing="0em"><tspan x="50" y="1694.95">Price per person based on two travelling. Subject to availability.</tspan></text>
</g>
</svg>

### ctv-1080 1920×1080
<svg xmlns="http://www.w3.org/2000/svg" width="1920" height="1080" viewBox="0 0 1920 1080" font-family="system-ui,-apple-system,&quot;Segoe UI&quot;,Roboto,sans-serif">
<rect width="1920" height="1080" fill="#ffffff"/>
<defs>
<clipPath id="cx-bg-bg"><rect x="0" y="0" width="1920" height="1080"/></clipPath>
<clipPath id="clip-logo"><rect x="100" y="100" width="152" height="48"/></clipPath>
<clipPath id="clip-headline"><rect x="112" y="460.66" width="1395.77" height="331.32"/></clipPath>
</defs>
<g clip-path="url(#cx-bg-bg)"><image x="0" y="-180" width="1920" height="1440" href="data:…" preserveAspectRatio="none"/></g>
<g clip-path="url(#clip-logo)">
  
  <text fill="#0b0b0c" font-size="38" font-weight="700" letter-spacing="-0.01em"><tspan x="101" y="138">Farsight</tspan></text>
</g>
<g clip-path="url(#clip-headline)">
  
  <text fill="#0b0b0c" font-size="132" font-weight="700" letter-spacing="-0.02em"><tspan x="113" y="592.66">Escape the grey.</tspan><tspan x="113" y="735.22">Sun from £199 return.</tspan></text>
</g>
<g>
  <rect x="99" y="923" width="265.14" height="58" rx="8" fill="#0077b6"/>
  <text x="231.57" y="952" fill="#ffffff" font-size="38" font-weight="600" letter-spacing="0.01em" text-anchor="middle" dominant-baseline="central">Find flights</text>
</g>
</svg>

### dooh-ultrawide 3840×1080
<svg xmlns="http://www.w3.org/2000/svg" width="3840" height="1080" viewBox="0 0 3840 1080" font-family="system-ui,-apple-system,&quot;Segoe UI&quot;,Roboto,sans-serif">
<rect width="3840" height="1080" fill="#ffffff"/>
<defs>
<clipPath id="clip-logo"><rect x="84" y="84" width="152" height="48"/></clipPath>
<clipPath id="clip-headline"><rect x="96" y="536.42" width="2445.17" height="188.76"/></clipPath>
</defs>
<g clip-path="url(#clip-logo)">
  
  <text fill="#0b0b0c" font-size="38" font-weight="700" letter-spacing="-0.01em"><tspan x="85" y="122">Farsight</tspan></text>
</g>
<g clip-path="url(#clip-headline)">
  
  <text fill="#0b0b0c" font-size="132" font-weight="700" letter-spacing="-0.02em"><tspan x="97" y="668.42">Escape the grey. Sun from £199 return.</tspan></text>
</g>
<g>
  <rect x="83" y="939" width="265.14" height="58" rx="8" fill="#0077b6"/>
  <text x="215.57" y="968" fill="#ffffff" font-size="38" font-weight="600" letter-spacing="0.01em" text-anchor="middle" dominant-baseline="central">Find flights</text>
</g>
</svg>"
`;
